Component: ARM Compiler 5.06 update 3 (build 300) Tool: armlink [4d35c9]

==============================================================================

Section Cross References

    startup_stm32f407xx.o(RESET) refers to startup_stm32f407xx.o(STACK) for __initial_sp
    startup_stm32f407xx.o(RESET) refers to startup_stm32f407xx.o(.text) for Reset_Handler
    startup_stm32f407xx.o(RESET) refers to stm32f4xx_it.o(i.NMI_Handler) for NMI_Handler
    startup_stm32f407xx.o(RESET) refers to stm32f4xx_it.o(i.HardFault_Handler) for HardFault_Handler
    startup_stm32f407xx.o(RESET) refers to stm32f4xx_it.o(i.MemManage_Handler) for MemManage_Handler
    startup_stm32f407xx.o(RESET) refers to stm32f4xx_it.o(i.BusFault_Handler) for BusFault_Handler
    startup_stm32f407xx.o(RESET) refers to stm32f4xx_it.o(i.UsageFault_Handler) for UsageFault_Handler
    startup_stm32f407xx.o(RESET) refers to port.o(.emb_text) for SVC_Handler
    startup_stm32f407xx.o(RESET) refers to stm32f4xx_it.o(i.DebugMon_Handler) for DebugMon_Handler
    startup_stm32f407xx.o(RESET) refers to stm32f4xx_it.o(i.SysTick_Handler) for SysTick_Handler
    startup_stm32f407xx.o(RESET) refers to stm32f4xx_it.o(i.DMA1_Stream5_IRQHandler) for DMA1_Stream5_IRQHandler
    startup_stm32f407xx.o(RESET) refers to stm32f4xx_it.o(i.CAN1_TX_IRQHandler) for CAN1_TX_IRQHandler
    startup_stm32f407xx.o(RESET) refers to stm32f4xx_it.o(i.CAN1_RX0_IRQHandler) for CAN1_RX0_IRQHandler
    startup_stm32f407xx.o(RESET) refers to usart.o(i.USART2_IRQHandler) for USART2_IRQHandler
    startup_stm32f407xx.o(RESET) refers to stm32f4xx_it.o(i.CAN2_TX_IRQHandler) for CAN2_TX_IRQHandler
    startup_stm32f407xx.o(RESET) refers to stm32f4xx_it.o(i.CAN2_RX0_IRQHandler) for CAN2_RX0_IRQHandler
    startup_stm32f407xx.o(RESET) refers to usart.o(i.USART6_IRQHandler) for USART6_IRQHandler
    startup_stm32f407xx.o(.text) refers to system_stm32f4xx.o(i.SystemInit) for SystemInit
    startup_stm32f407xx.o(.text) refers to entry.o(.ARM.Collect$$$$00000000) for __main
    main.o(i.SystemClock_Config) refers to memseta.o(.text) for __aeabi_memclr4
    main.o(i.SystemClock_Config) refers to stm32f4xx_hal_rcc.o(i.HAL_RCC_OscConfig) for HAL_RCC_OscConfig
    main.o(i.SystemClock_Config) refers to stm32f4xx_hal_rcc.o(i.HAL_RCC_ClockConfig) for HAL_RCC_ClockConfig
    main.o(i.SystemClock_Config) refers to stm32f4xx_hal_rcc.o(i.HAL_RCC_GetHCLKFreq) for HAL_RCC_GetHCLKFreq
    main.o(i.SystemClock_Config) refers to stm32f4xx_hal_cortex.o(i.HAL_SYSTICK_Config) for HAL_SYSTICK_Config
    main.o(i.SystemClock_Config) refers to stm32f4xx_hal_cortex.o(i.HAL_SYSTICK_CLKSourceConfig) for HAL_SYSTICK_CLKSourceConfig
    main.o(i.SystemClock_Config) refers to stm32f4xx_hal_cortex.o(i.HAL_NVIC_SetPriority) for HAL_NVIC_SetPriority
    main.o(i.main) refers to stm32f4xx_hal.o(i.HAL_Init) for HAL_Init
    main.o(i.main) refers to stm32f4xx_hal.o(i.HAL_Delay) for HAL_Delay
    main.o(i.main) refers to main.o(i.SystemClock_Config) for SystemClock_Config
    main.o(i.main) refers to main.o(i.MX_GPIO_Init) for MX_GPIO_Init
    main.o(i.main) refers to usart.o(i.MX_DMA_Init) for MX_DMA_Init
    main.o(i.main) refers to usart.o(i.MX_USART1_UART_Init) for MX_USART1_UART_Init
    main.o(i.main) refers to usart.o(i.MX_USART2_UART_Init) for MX_USART2_UART_Init
    main.o(i.main) refers to can.o(i.MX_CAN1_Init) for MX_CAN1_Init
    main.o(i.main) refers to can.o(i.MX_CAN2_Init) for MX_CAN2_Init
    main.o(i.main) refers to chassis_task.o(i.Chassis_Param_Init) for Chassis_Param_Init
    main.o(i.main) refers to gimbal_task.o(i.Gimbal_Param_Init) for Gimbal_Param_Init
    main.o(i.main) refers to shoot_task.o(i.Shoot_Param_Init) for Shoot_Param_Init
    main.o(i.main) refers to freertos.o(i.MX_FREERTOS_Init) for MX_FREERTOS_Init
    main.o(i.main) refers to cmsis_os.o(i.osKernelStart) for osKernelStart
    freertos.o(i.MX_FREERTOS_Init) refers to port.o(i.vPortEnterCritical) for vPortEnterCritical
    freertos.o(i.MX_FREERTOS_Init) refers to cmsis_os.o(i.osTimerCreate) for osTimerCreate
    freertos.o(i.MX_FREERTOS_Init) refers to memcpya.o(.text) for __aeabi_memcpy4
    freertos.o(i.MX_FREERTOS_Init) refers to cmsis_os.o(i.osThreadCreate) for osThreadCreate
    freertos.o(i.MX_FREERTOS_Init) refers to port.o(i.vPortExitCritical) for vPortExitCritical
    freertos.o(i.MX_FREERTOS_Init) refers to freertos.o(.constdata) for .constdata
    freertos.o(i.MX_FREERTOS_Init) refers to freertos.o(.data) for .data
    freertos.o(i.StartDefaultTask) refers to cmsis_os.o(i.osDelay) for osDelay
    freertos.o(.constdata) refers to chassis_task.o(i.chassis_task) for chassis_task
    freertos.o(.constdata) refers to gimbal_task.o(i.gimbal_task) for gimbal_task
    freertos.o(.constdata) refers to shoot_task.o(i.shoot_task) for shoot_task
    freertos.o(.constdata) refers to freertos.o(.conststring) for .conststring
[...]
    prvIsQueueEmpty                          0x080047d9   Thumb Code    28  queue.o(i.prvIsQueueEmpty)
    i.prvProcessReceivedCommands             0x080047f4   Section        0  timers.o(i.prvProcessReceivedCommands)
    prvProcessReceivedCommands               0x080047f5   Thumb Code   180  timers.o(i.prvProcessReceivedCommands)
    i.prvProcessTimerOrBlockTask             0x080048ac   Section        0  timers.o(i.prvProcessTimerOrBlockTask)
    prvProcessTimerOrBlockTask               0x080048ad   Thumb Code   172  timers.o(i.prvProcessTimerOrBlockTask)
    i.prvResetNextTaskUnblockTime            0x08004960   Section        0  tasks.o(i.prvResetNextTaskUnblockTime)
    prvResetNextTaskUnblockTime              0x08004961   Thumb Code    26  tasks.o(i.prvResetNextTaskUnblockTime)
    i.prvSampleTimeNow                       0x08004980   Section        0  timers.o(i.prvSampleTimeNow)
    prvSampleTimeNow                         0x08004981   Thumb Code    36  timers.o(i.prvSampleTimeNow)
    i.prvSwitchTimerLists                    0x080049a8   Section        0  timers.o(i.prvSwitchTimerLists)
    prvSwitchTimerLists                      0x080049a9   Thumb Code   102  timers.o(i.prvSwitchTimerLists)
    i.prvTaskExitError                       0x08004a14   Section        0  port.o(i.prvTaskExitError)
    prvTaskExitError                         0x08004a15   Thumb Code    36  port.o(i.prvTaskExitError)
    i.prvTimerTask                           0x08004a3c   Section        0  timers.o(i.prvTimerTask)
    prvTimerTask                             0x08004a3d   Thumb Code    32  timers.o(i.prvTimerTask)
    i.prvUnlockQueue                         0x08004a60   Section        0  queue.o(i.prvUnlockQueue)
    prvUnlockQueue                           0x08004a61   Thumb Code   106  queue.o(i.prvUnlockQueue)
    i.pvPortMalloc                           0x08004acc   Section        0  heap_4.o(i.pvPortMalloc)
    i.pvTaskIncrementMutexHeldCount          0x08004ba4   Section        0  tasks.o(i.pvTaskIncrementMutexHeldCount)
    i.pxPortInitialiseStack                  0x08004bbc   Section        0  port.o(i.pxPortInitialiseStack)
    i.ramp_calc                              0x08004be8   Section        0  ramp.o(i.ramp_calc)
    i.ramp_init                              0x08004c20   Section        0  ramp.o(i.ramp_init)
    i.remote_ctrl_chassis_hook               0x08004c28   Section        0  get_chassis_info.o(i.remote_ctrl_chassis_hook)
    i.remote_ctrl_gimbal_hook                0x08004cf0   Section        0  get_gimbal_info.o(i.remote_ctrl_gimbal_hook)
    i.remote_ctrl_shoot_hook                 0x08004d50   Section        0  get_shoot_info.o(i.remote_ctrl_shoot_hook)
    i.send_chassis_cur                       0x08004d74   Section        0  can.o(i.send_chassis_cur)
    i.send_chassis_motor_ctrl_message        0x08004dc4   Section        0  get_chassis_info.o(i.send_chassis_motor_ctrl_message)
    i.send_gimbal_cur                        0x08004dd8   Section        0  can.o(i.send_gimbal_cur)
    i.send_gimbal_motor_ctrl_message         0x08004e28   Section        0  get_gimbal_info.o(i.send_gimbal_motor_ctrl_message)
    i.send_shoot_cur                         0x08004e3c   Section        0  can.o(i.send_shoot_cur)
    i.send_shoot_motor_ctrl_message          0x08004e8c   Section        0  get_shoot_info.o(i.send_shoot_motor_ctrl_message)
    i.shoot_remote_handler                   0x08004e9c   Section        0  shoot_task.o(i.shoot_remote_handler)
    i.shoot_task                             0x08004ee8   Section        0  shoot_task.o(i.shoot_task)
    i.uxListRemove                           0x08004fc0   Section        0  list.o(i.uxListRemove)
    i.vListInitialise                        0x08004fe4   Section        0  list.o(i.vListInitialise)
    i.vListInitialiseItem                    0x08004ffa   Section        0  list.o(i.vListInitialiseItem)
    i.vListInsert                            0x08005000   Section        0  list.o(i.vListInsert)
    i.vListInsertEnd                         0x08005030   Section        0  list.o(i.vListInsertEnd)
    i.vPortEnterCritical                     0x08005048   Section        0  port.o(i.vPortEnterCritical)
    i.vPortExitCritical                      0x08005088   Section        0  port.o(i.vPortExitCritical)
    i.vPortFree                              0x080050b0   Section        0  heap_4.o(i.vPortFree)
    i.vPortSetupTimerInterrupt               0x0800510c   Section        0  port.o(i.vPortSetupTimerInterrupt)
    i.vPortValidateInterruptPriority         0x0800512c   Section        0  port.o(i.vPortValidateInterruptPriority)
    i.vQueueAddToRegistry                    0x08005180   Section        0  queue.o(i.vQueueAddToRegistry)
    i.vQueueWaitForMessageRestricted         0x080051a8   Section        0  queue.o(i.vQueueWaitForMessageRestricted)
    i.vTaskDelay                             0x080051ec   Section        0  tasks.o(i.vTaskDelay)
    i.vTaskMissedYield                       0x08005238   Section        0  tasks.o(i.vTaskMissedYield)
    i.vTaskPlaceOnEventList                  0x08005244   Section        0  tasks.o(i.vTaskPlaceOnEventList)
    i.vTaskPlaceOnEventListRestricted        0x08005274   Section        0  tasks.o(i.vTaskPlaceOnEventListRestricted)
    i.vTaskPriorityInherit                   0x080052ac   Section        0  tasks.o(i.vTaskPriorityInherit)
    i.vTaskSetTimeOutState                   0x08005330   Section        0  tasks.o(i.vTaskSetTimeOutState)
    i.vTaskStartScheduler                    0x08005354   Section        0  tasks.o(i.vTaskStartScheduler)
    i.vTaskSuspendAll                        0x080053c4   Section        0  tasks.o(i.vTaskSuspendAll)
    i.vTaskSwitchContext                     0x080053d4   Section        0  tasks.o(i.vTaskSwitchContext)
    i.xPortStartScheduler                    0x08005430   Section        0  port.o(i.xPortStartScheduler)
    i.xPortSysTickHandler                    0x08005510   Section        0  port.o(i.xPortSysTickHandler)
    i.xQueueGenericCreate                    0x0800553c   Section        0  queue.o(i.xQueueGenericCreate)
    i.xQueueGenericReceive                   0x08005584   Section        0  queue.o(i.xQueueGenericReceive)
    i.xQueueGenericReset                     0x080056f0   Section        0  queue.o(i.xQueueGenericReset)
    i.xQueueGenericSend                      0x08005778   Section        0  queue.o(i.xQueueGenericSend)
    i.xQueueGenericSendFromISR               0x080058d8   Section        0  queue.o(i.xQueueGenericSendFromISR)
    i.xTaskCheckForTimeOut                   0x08005994   Section        0  tasks.o(i.xTaskCheckForTimeOut)
    i.xTaskCreate                            0x08005a00   Section        0  tasks.o(i.xTaskCreate)
    i.xTaskGenericNotify                     0x08005a58   Section        0  tasks.o(i.xTaskGenericNotify)
    i.xTaskGenericNotifyFromISR              0x08005b24   Section        0  tasks.o(i.xTaskGenericNotifyFromISR)
    i.xTaskGetSchedulerState                 0x08005c14   Section        0  tasks.o(i.xTaskGetSchedulerState)
    i.xTaskGetTickCount                      0x08005c30   Section        0  tasks.o(i.xTaskGetTickCount)
    i.xTaskGetTickCountFromISR               0x08005c3c   Section        0  tasks.o(i.xTaskGetTickCountFromISR)
    i.xTaskIncrementTick                     0x08005c4c   Section        0  tasks.o(i.xTaskIncrementTick)
    i.xTaskNotifyWait                        0x08005d14   Section        0  tasks.o(i.xTaskNotifyWait)
    i.xTaskPriorityDisinherit                0x08005da0   Section        0  tasks.o(i.xTaskPriorityDisinherit)
    i.xTaskRemoveFromEventList               0x08005e38   Section        0  tasks.o(i.xTaskRemoveFromEventList)
    i.xTaskResumeAll                         0x08005eac   Section        0  tasks.o(i.xTaskResumeAll)
    i.xTimerCreate                           0x08005f70   Section        0  timers.o(i.xTimerCreate)
    i.xTimerCreateTimerTask                  0x08005fc0   Section        0  timers.o(i.xTimerCreateTimerTask)
    i.xTimerGenericCommand                   0x0800600c   Section        0  timers.o(i.xTimerGenericCommand)
    i.zitai_data_receive2                    0x0800606c   Section        0  can.o(i.zitai_data_receive2)
    .constdata                               0x0800614c   Section      132  freertos.o(.constdata)
    .constdata                               0x080061d0   Section        8  stm32f4xx_hal_dma.o(.constdata)
    flagBitshiftOffset                       0x080061d0   Data           8  stm32f4xx_hal_dma.o(.constdata)
    .constdata                               0x080061d8   Section       16  system_stm32f4xx.o(.constdata)
    .constdata                               0x080061e8   Section        8  system_stm32f4xx.o(.constdata)
    .constdata                               0x080061f0   Section       48  cos_i.o(.constdata)
    C                                        0x080061f0   Data          48  cos_i.o(.constdata)
    .constdata                               0x08006220   Section      200  rred.o(.constdata)
    pio2s                                    0x08006220   Data          48  rred.o(.constdata)
    twooverpi                                0x08006250   Data         152  rred.o(.constdata)
    .constdata                               0x080062e8   Section       40  sin_i.o(.constdata)
    S                                        0x080062e8   Data          40  sin_i.o(.constdata)
    .conststring                             0x08006310   Section       88  freertos.o(.conststring)
    .data                                    0x20000000   Section       36  freertos.o(.data)
    .data                                    0x20000024   Section        4  stm32f4xx_hal_msp.o(.data)
    HAL_RCC_CAN1_CLK_ENABLED                 0x20000024   Data           4  stm32f4xx_hal_msp.o(.data)
    .data                                    0x20000028   Section        8  can.o(.data)
    i                                        0x20000028   Data           1  can.o(.data)
    i                                        0x20000029   Data           1  can.o(.data)
    pitch_connt                              0x2000002a   Data           2  can.o(.data)
    yaw_connt                                0x2000002c   Data           2  can.o(.data)
    yaw_connt                                0x2000002e   Data           2  can.o(.data)
    .data                                    0x20000030   Section        2  usart.o(.data)
    .data                                    0x20000034   Section       12  stm32f4xx_hal.o(.data)
    .data                                    0x20000040   Section        4  system_stm32f4xx.o(.data)
    .data                                    0x20000044   Section       60  tasks.o(.data)
    uxDeletedTasksWaitingCleanUp             0x20000048   Data           4  tasks.o(.data)
    uxCurrentNumberOfTasks                   0x2000004c   Data           4  tasks.o(.data)
    xTickCount                               0x20000050   Data           4  tasks.o(.data)
    uxTopReadyPriority                       0x20000054   Data           4  tasks.o(.data)
    xSchedulerRunning                        0x20000058   Data           4  tasks.o(.data)
    uxPendedTicks                            0x2000005c   Data           4  tasks.o(.data)
    xYieldPending                            0x20000060   Data           4  tasks.o(.data)
    xNumOfOverflows                          0x20000064   Data           4  tasks.o(.data)
    uxTaskNumber                             0x20000068   Data           4  tasks.o(.data)
    xNextTaskUnblockTime                     0x2000006c   Data           4  tasks.o(.data)
    xIdleTaskHandle                          0x20000070   Data           4  tasks.o(.data)
    uxSchedulerSuspended                     0x20000074   Data           4  tasks.o(.data)
    pxDelayedTaskList                        0x20000078   Data           4  tasks.o(.data)
    pxOverflowDelayedTaskList                0x2000007c   Data           4  tasks.o(.data)
    .data                                    0x20000080   Section       20  timers.o(.data)
    xTimerQueue                              0x20000080   Data           4  timers.o(.data)
    xTimerTaskHandle                         0x20000084   Data           4  timers.o(.data)
    xLastTime                                0x20000088   Data           4  timers.o(.data)
    pxCurrentTimerList                       0x2000008c   Data           4  timers.o(.data)
    pxOverflowTimerList                      0x20000090   Data           4  timers.o(.data)
    .data                                    0x20000094   Section       24  heap_4.o(.data)
    pxEnd                                    0x20000094   Data           4  heap_4.o(.data)
    xFreeBytesRemaining                      0x20000098   Data           4  heap_4.o(.data)
    xMinimumEverFreeBytesRemaining           0x2000009c   Data           4  heap_4.o(.data)
    xBlockAllocatedBit                       0x200000a0   Data           4  heap_4.o(.data)
    xStart                                   0x200000a4   Data           8  heap_4.o(.data)
    .data                                    0x200000ac   Section       12  port.o(.data)
    ucMaxSysCallPriority                     0x200000ac   Data           1  port.o(.data)
    uxCriticalNesting                        0x200000b0   Data           4  port.o(.data)
    ulMaxPRIGROUPValue                       0x200000b4   Data           4  port.o(.data)
    .data                                    0x200000b8   Section       16  mode_switch_task.o(.data)
    last_Reset                               0x200000c0   Data           4  mode_switch_task.o(.data)
    .data                                    0x200000c8   Section        4  gimbal_task.o(.data)
    .data                                    0x200000cc   Section       40  get_gimbal_info.o(.data)
    .data                                    0x200000f4   Section        4  chassis_task.o(.data)
    d_theta                                  0x200000f4   Data           4  chassis_task.o(.data)
    .data                                    0x200000f8   Section        4  errno.o(.data)
    _errno                                   0x200000f8   Data           4  errno.o(.data)
    .bss                                     0x200000fc   Section     1092  can.o(.bss)
    .bss                                     0x20000540   Section      356  usart.o(.bss)
    .bss                                     0x200006a4   Section       96  usart.o(.bss)
    .bss                                     0x20000704   Section       68  pid.o(.bss)
    .bss                                     0x20000748   Section       68  pid.o(.bss)
    .bss                                     0x2000078c   Section       68  pid.o(.bss)
    .bss                                     0x200007d0   Section       68  pid.o(.bss)
    .bss                                     0x20000814   Section       68  pid.o(.bss)
    .bss                                     0x20000858   Section      272  pid.o(.bss)
    .bss                                     0x20000968   Section      136  pid.o(.bss)
    .bss                                     0x200009f0   Section       68  pid.o(.bss)
    .bss                                     0x20000a34   Section       68  pid.o(.bss)
    .bss                                     0x20000a78   Section       64  queue.o(.bss)
    .bss                                     0x20000ab8   Section      240  tasks.o(.bss)
    pxReadyTasksLists                        0x20000ab8   Data         140  tasks.o(.bss)
    xDelayedTaskList1                        0x20000b44   Data          20  tasks.o(.bss)
    xDelayedTaskList2                        0x20000b58   Data          20  tasks.o(.bss)
    xPendingReadyList                        0x20000b6c   Data          20  tasks.o(.bss)
    xTasksWaitingTermination                 0x20000b80   Data          20  tasks.o(.bss)
    xSuspendedTaskList                       0x20000b94   Data          20  tasks.o(.bss)
    .bss                                     0x20000ba8   Section       40  timers.o(.bss)
    xActiveTimerList1                        0x20000ba8   Data          20  timers.o(.bss)
    xActiveTimerList2                        0x20000bbc   Data          20  timers.o(.bss)
    .bss                                     0x20000bd0   Section    15360  heap_4.o(.bss)
    ucHeap                                   0x20000bd0   Data       15360  heap_4.o(.bss)
    .bss                                     0x200047d0   Section       20  common_task.o(.bss)
    .bss                                     0x200047e4   Section      104  gimbal_task.o(.bss)
    .bss                                     0x2000484c   Section      148  chassis_task.o(.bss)
    .bss                                     0x200048e0   Section       62  shoot_task.o(.bss)
    STACK                                    0x20004920   Section     1024  startup_stm32f407xx.o(STACK)

    Global Symbols

    Symbol Name                              Value     Ov Type        Size  Object(Section)

    BuildAttributes$$THM_ISAv4$E$P$D$K$B$S$7EM$VFPi3$EXTD16$VFPS$VFMA$PE$A:L22UL41UL21$X:L11$S22US41US21$IEEE1$IW$USESV6$~STKCKD$USESV7$~SHL$OTIME$ROPI$IEEEX$EBA8$MICROLIB$REQ8$PRES8$EABIv2 0x00000000   Number         0  anon$$obj.o ABSOLUTE
    __ARM_use_no_argv                        0x00000000   Number         0  main.o ABSOLUTE
    __use_no_errno                           0x00000000   Number         0  useno.o ABSOLUTE
    __use_no_exception_handling              0x00000000   Number         0  useno.o ABSOLUTE
    __use_no_fp                              0x00000000   Number         0  useno.o ABSOLUTE
    __use_no_heap                            0x00000000   Number         0  useno.o ABSOLUTE
    __use_no_heap_region                     0x00000000   Number         0  useno.o ABSOLUTE
    __use_no_semihosting                     0x00000000   Number         0  useno.o ABSOLUTE
    __use_no_semihosting_swi                 0x00000000   Number         0  useno.o ABSOLUTE
    __use_no_signal_handling                 0x00000000   Number         0  useno.o ABSOLUTE
    __cpp_initialize__aeabi_                  - Undefined Weak Reference
    __cxa_finalize                            - Undefined Weak Reference
    __decompress                              - Undefined Weak Reference
    _clock_init                               - Undefined Weak Reference
    _microlib_exit                            - Undefined Weak Reference
    __Vectors_Size                           0x00000188   Number         0  startup_stm32f407xx.o ABSOLUTE
    __Vectors                                0x08000000   Data           4  startup_stm32f407xx.o(RESET)
    __Vectors_End                            0x08000188   Data           0  startup_stm32f407xx.o(RESET)
    __main                                   0x08000189   Thumb Code     0  entry.o(.ARM.Collect$$$$00000000)
    _main_stk                                0x08000189   Thumb Code     0  entry2.o(.ARM.Collect$$$$00000001)
    _main_scatterload                        0x0800018d   Thumb Code     0  entry5.o(.ARM.Collect$$$$00000004)
    __main_after_scatterload                 0x08000191   Thumb Code     0  entry5.o(.ARM.Collect$$$$00000004)
    _main_clock                              0x08000191   Thumb Code     0  entry7b.o(.ARM.Collect$$$$00000008)
    _main_cpp_init                           0x08000191   Thumb Code     0  entry8b.o(.ARM.Collect$$$$0000000A)
    _main_init                               0x08000191   Thumb Code     0  entry9a.o(.ARM.Collect$$$$0000000B)
    __rt_final_cpp                           0x08000199   Thumb Code     0  entry10a.o(.ARM.Collect$$$$0000000D)
    __rt_final_exit                          0x08000199   Thumb Code     0  entry11a.o(.ARM.Collect$$$$0000000F)
    SVC_Handler                              0x0800019d   Thumb Code    28  port.o(.emb_text)
    __asm___6_port_c_39a90d8d__prvStartFirstTask 0x080001bd   Thumb Code    28  port.o(.emb_text)
    __asm___6_port_c_39a90d8d__prvEnableVFP  0x080001dd   Thumb Code    16  port.o(.emb_text)
    PendSV_Handler                           0x080001f1   Thumb Code    92  port.o(.emb_text)
    vPortGetIPSR                             0x08000251   Thumb Code     6  port.o(.emb_text)
    Reset_Handler                            0x08000259   Thumb Code     8  startup_stm32f407xx.o(.text)
    ADC_IRQHandler                           0x08000273   Thumb Code     0  startup_stm32f407xx.o(.text)
    CAN1_RX1_IRQHandler                      0x08000273   Thumb Code     0  startup_stm32f407xx.o(.text)
    CAN1_SCE_IRQHandler                      0x08000273   Thumb Code     0  startup_stm32f407xx.o(.text)
    CAN2_RX1_IRQHandler                      0x08000273   Thumb Code     0  startup_stm32f407xx.o(.text)
    CAN2_SCE_IRQHandler                      0x08000273   Thumb Code     0  startup_stm32f407xx.o(.text)
    DCMI_IRQHandler                          0x08000273   Thumb Code     0  startup_stm32f407xx.o(.text)
    DMA1_Stream0_IRQHandler                  0x08000273   Thumb Code     0  startup_stm32f407xx.o(.text)
    DMA1_Stream1_IRQHandler                  0x08000273   Thumb Code     0  startup_stm32f407xx.o(.text)
    DMA1_Stream2_IRQHandler                  0x08000273   Thumb Code     0  startup_stm32f407xx.o(.text)
    DMA1_Stream3_IRQHandler                  0x08000273   Thumb Code     0  startup_stm32f407xx.o(.text)
    DMA1_Stream4_IRQHandler                  0x08000273   Thumb Code     0  startup_stm32f407xx.o(.text)
    DMA1_Stream6_IRQHandler                  0x08000273   Thumb Code     0  startup_stm32f407xx.o(.text)
    DMA1_Stream7_IRQHandler                  0x08000273   Thumb Code     0  startup_stm32f407xx.o(.text)
    DMA2_Stream0_IRQHandler                  0x08000273   Thumb Code     0  startup_stm32f407xx.o(.text)
    DMA2_Stream1_IRQHandler                  0x08000273   Thumb Code     0  startup_stm32f407xx.o(.text)
    DMA2_Stream2_IRQHandler                  0x08000273   Thumb Code     0  startup_stm32f407xx.o(.text)
    DMA2_Stream3_IRQHandler                  0x08000273   Thumb Code     0  startup_stm32f407xx.o(.text)
    DMA2_Stream4_IRQHandler                  0x08000273   Thumb Code     0  startup_stm32f407xx.o(.text)
    DMA2_Stream5_IRQHandler                  0x08000273   Thumb Code     0  startup_stm32f407xx.o(.text)
    DMA2_Stream6_IRQHandler                  0x08000273   Thumb Code     0  startup_stm32f407xx.o(.text)
    DMA2_Stream7_IRQHandler                  0x08000273   Thumb Code     0  startup_stm32f407xx.o(.text)
    ETH_IRQHandler                           0x08000273   Thumb Code     0  startup_stm32f407xx.o(.text)
    ETH_WKUP_IRQHandler                      0x08000273   Thumb Code     0  startup_stm32f407xx.o(.text)
    EXTI0_IRQHandler                         0x08000273   Thumb Code     0  startup_stm32f407xx.o(.text)
    EXTI15_10_IRQHandler                     0x08000273   Thumb Code     0  startup_stm32f407xx.o(.text)
    EXTI1_IRQHandler                         0x08000273   Thumb Code     0  startup_stm32f407xx.o(.text)
    EXTI2_IRQHandler                         0x08000273   Thumb Code     0  startup_stm32f407xx.o(.text)
    EXTI3_IRQHandler                         0x08000273   Thumb Code     0  startup_stm32f407xx.o(.text)
    EXTI4_IRQHandler                         0x08000273   Thumb Code     0  startup_stm32f407xx.o(.text)
    EXTI9_5_IRQHandler                       0x08000273   Thumb Code     0  startup_stm32f407xx.o(.text)
    FLASH_IRQHandler                         0x08000273   Thumb Code     0  startup_stm32f407xx.o(.text)
    FMC_IRQHandler                           0x08000273   Thumb Code     0  startup_stm32f407xx.o(.text)
    FPU_IRQHandler                           0x08000273   Thumb Code     0  startup_stm32f407xx.o(.text)
    HASH_RNG_IRQHandler                      0x08000273   Thumb Code     0  startup_stm32f407xx.o(.text)
    I2C1_ER_IRQHandler                       0x08000273   Thumb Code     0  startup_stm32f407xx.o(.text)
    I2C1_EV_IRQHandler                       0x08000273   Thumb Code     0  startup_stm32f407xx.o(.text)
    I2C2_ER_IRQHandler                       0x08000273   Thumb Code     0  startup_stm32f407xx.o(.text)
    I2C2_EV_IRQHandler                       0x08000273   Thumb Code     0  startup_stm32f407xx.o(.text)
    I2C3_ER_IRQHandler                       0x08000273   Thumb Code     0  startup_stm32f407xx.o(.text)
    I2C3_EV_IRQHandler                       0x08000273   Thumb Code     0  startup_stm32f407xx.o(.text)
    OTG_FS_IRQHandler                        0x08000273   Thumb Code     0  startup_stm32f407xx.o(.text)
    OTG_FS_WKUP_IRQHandler                   0x08000273   Thumb Code     0  startup_stm32f407xx.o(.text)
    OTG_HS_EP1_IN_IRQHandler                 0x08000273   Thumb Code     0  startup_stm32f407xx.o(.text)
    OTG_HS_EP1_OUT_IRQHandler                0x08000273   Thumb Code     0  startup_stm32f407xx.o(.text)
    OTG_HS_IRQHandler                        0x08000273   Thumb Code     0  startup_stm32f407xx.o(.text)
    OTG_HS_WKUP_IRQHandler                   0x08000273   Thumb Code     0  startup_stm32f407xx.o(.text)
    PVD_IRQHandler                           0x08000273   Thumb Code     0  startup_stm32f407xx.o(.text)
    RCC_IRQHandler                           0x08000273   Thumb Code     0  startup_stm32f407xx.o(.text)
    RTC_Alarm_IRQHandler                     0x08000273   Thumb Code     0  startup_stm32f407xx.o(.text)
    RTC_WKUP_IRQHandler                      0x08000273   Thumb Code     0  startup_stm32f407xx.o(.text)
    SDIO_IRQHandler                          0x08000273   Thumb Code     0  startup_stm32f407xx.o(.text)
    SPI1_IRQHandler                          0x08000273   Thumb Code     0  startup_stm32f407xx.o(.text)
    SPI2_IRQHandler                          0x08000273   Thumb Code     0  startup_stm32f407xx.o(.text)
    SPI3_IRQHandler                          0x08000273   Thumb Code     0  startup_stm32f407xx.o(.text)
    TAMP_STAMP_IRQHandler                    0x08000273   Thumb Code     0  startup_stm32f407xx.o(.text)
    TIM1_BRK_TIM9_IRQHandler                 0x08000273   Thumb Code     0  startup_stm32f407xx.o(.text)
    TIM1_CC_IRQHandler                       0x08000273   Thumb Code     0  startup_stm32f407xx.o(.text)
    TIM1_TRG_COM_TIM11_IRQHandler            0x08000273   Thumb Code     0  startup_stm32f407xx.o(.text)
    TIM1_UP_TIM10_IRQHandler                 0x08000273   Thumb Code     0  startup_stm32f407xx.o(.text)
    TIM2_IRQHandler                          0x08000273   Thumb Code     0  startup_stm32f407xx.o(.text)
    TIM3_IRQHandler                          0x08000273   Thumb Code     0  startup_stm32f407xx.o(.text)
    TIM4_IRQHandler                          0x08000273   Thumb Code     0  startup_stm32f407xx.o(.text)
    TIM5_IRQHandler                          0x08000273   Thumb Code     0  startup_stm32f407xx.o(.text)
    TIM6_DAC_IRQHandler                      0x08000273   Thumb Code     0  startup_stm32f407xx.o(.text)
    TIM7_IRQHandler                          0x08000273   Thumb Code     0  startup_stm32f407xx.o(.text)
    TIM8_BRK_TIM12_IRQHandler                0x08000273   Thumb Code     0  startup_stm32f407xx.o(.text)
    TIM8_CC_IRQHandler                       0x08000273   Thumb Code     0  startup_stm32f407xx.o(.text)
    TIM8_TRG_COM_TIM14_IRQHandler            0x08000273   Thumb Code     0  startup_stm32f407xx.o(.text)
    TIM8_UP_TIM13_IRQHandler                 0x08000273   Thumb Code     0  startup_stm32f407xx.o(.text)
    UART4_IRQHandler                         0x08000273   Thumb Code     0  startup_stm32f407xx.o(.text)
    UART5_IRQHandler                         0x08000273   Thumb Code     0  startup_stm32f407xx.o(.text)
    USART1_IRQHandler                        0x08000273   Thumb Code     0  startup_stm32f407xx.o(.text)
    USART3_IRQHandler                        0x08000273   Thumb Code     0  startup_stm32f407xx.o(.text)
    WWDG_IRQHandler                          0x08000273   Thumb Code     0  startup_stm32f407xx.o(.text)
    __aeabi_uldivmod                         0x0800027d   Thumb Code    98  uldiv.o(.text)
    __aeabi_memcpy                           0x080002df   Thumb Code    36  memcpya.o(.text)
    __aeabi_memcpy4                          0x080002df   Thumb Code     0  memcpya.o(.text)
    __aeabi_memcpy8                          0x080002df   Thumb Code     0  memcpya.o(.text)
    __aeabi_memset                           0x08000303   Thumb Code    14  memseta.o(.text)
    __aeabi_memset4                          0x08000303   Thumb Code     0  memseta.o(.text)
    __aeabi_memset8                          0x08000303   Thumb Code     0  memseta.o(.text)
    __aeabi_memclr                           0x08000311   Thumb Code     4  memseta.o(.text)
    __aeabi_memclr4                          0x08000311   Thumb Code     0  memseta.o(.text)
    __aeabi_memclr8                          0x08000311   Thumb Code     0  memseta.o(.text)
    _memset$wrapper                          0x08000315   Thumb Code    18  memseta.o(.text)
    __aeabi_dadd                             0x08000327   Thumb Code   322  dadd.o(.text)
    __aeabi_dsub                             0x08000469   Thumb Code     6  dadd.o(.text)
    __aeabi_drsub                            0x0800046f   Thumb Code     6  dadd.o(.text)
    __aeabi_dmul                             0x08000475   Thumb Code   228  dmul.o(.text)
    __aeabi_ddiv                             0x08000559   Thumb Code   222  ddiv.o(.text)
    __aeabi_i2d                              0x08000637   Thumb Code    34  dflti.o(.text)
    __aeabi_f2d                              0x08000659   Thumb Code    38  f2d.o(.text)
    __aeabi_d2f                              0x0800067f   Thumb Code    56  d2f.o(.text)
    __aeabi_llsl                             0x080006b7   Thumb Code    30  llshl.o(.text)
    _ll_shift_l                              0x080006b7   Thumb Code     0  llshl.o(.text)
    __aeabi_llsr                             0x080006d5   Thumb Code    32  llushr.o(.text)
    _ll_ushift_r                             0x080006d5   Thumb Code     0  llushr.o(.text)
    __aeabi_lasr                             0x080006f5   Thumb Code    36  llsshr.o(.text)
    _ll_sshift_r                             0x080006f5   Thumb Code     0  llsshr.o(.text)
    __I$use$fp                               0x08000719   Thumb Code     0  iusefp.o(.text)
    _float_round                             0x08000719   Thumb Code    18  fepilogue.o(.text)
    _float_epilogue                          0x0800072b   Thumb Code    92  fepilogue.o(.text)
    _double_round                            0x08000787   Thumb Code    30  depilogue.o(.text)
    _double_epilogue                         0x080007a5   Thumb Code   156  depilogue.o(.text)
    __scatterload                            0x08000841   Thumb Code    28  init.o(.text)
    __scatterload_rt2                        0x08000841   Thumb Code     0  init.o(.text)
    __aeabi_ui2d                             0x08000865   Thumb Code    26  dfltui.o(.text)
    __aeabi_d2iz                             0x0800087f   Thumb Code    62  dfixi.o(.text)
    BusFault_Handler                         0x080008bd   Thumb Code     2  stm32f4xx_it.o(i.BusFault_Handler)
    CAN1_RX0_IRQHandler                      0x080008c1   Thumb Code     6  stm32f4xx_it.o(i.CAN1_RX0_IRQHandler)
    CAN1_TX_IRQHandler                       0x080008cd   Thumb Code     6  stm32f4xx_it.o(i.CAN1_TX_IRQHandler)
    CAN2_RX0_IRQHandler                      0x080008d9   Thumb Code     6  stm32f4xx_it.o(i.CAN2_RX0_IRQHandler)
    CAN2_TX_IRQHandler                       0x080008e5   Thumb Code     6  stm32f4xx_it.o(i.CAN2_TX_IRQHandler)
    Chassis_Param_Init                       0x080008f1   Thumb Code   126  chassis_task.o(i.Chassis_Param_Init)
    DMA1_Stream5_IRQHandler                  0x08000989   Thumb Code     6  stm32f4xx_it.o(i.DMA1_Stream5_IRQHandler)
    DebugMon_Handler                         0x08000a39   Thumb Code     2  stm32f4xx_it.o(i.DebugMon_Handler)
    Error_Handler                            0x08000a3b   Thumb Code     2  main.o(i.Error_Handler)
    Get_Chassis_Info                         0x08000a3d   Thumb Code   126  get_chassis_info.o(i.Get_Chassis_Info)
    Get_Gimbal_Info                          0x08000acd   Thumb Code    36  get_gimbal_info.o(i.Get_Gimbal_Info)
    Get_Remote_info                          0x08000af1   Thumb Code   162  usart.o(i.Get_Remote_info)
    Get_Shoot_Info                           0x08000b99   Thumb Code   142  get_shoot_info.o(i.Get_Shoot_Info)
    GimbalAngleLimit                         0x08000c41   Thumb Code   132  get_gimbal_info.o(i.GimbalAngleLimit)
    Gimbal_Param_Init                        0x08000ce9   Thumb Code   160  gimbal_task.o(i.Gimbal_Param_Init)
    HAL_CAN_ActivateNotification             0x08000dad   Thumb Code    40  stm32f4xx_hal_can.o(i.HAL_CAN_ActivateNotification)
    HAL_CAN_AddTxMessage                     0x08000dd5   Thumb Code   200  stm32f4xx_hal_can.o(i.HAL_CAN_AddTxMessage)
    HAL_CAN_ConfigFilter                     0x08000e9d   Thumb Code   262  stm32f4xx_hal_can.o(i.HAL_CAN_ConfigFilter)
    HAL_CAN_ErrorCallback                    0x08000fa9   Thumb Code     2  stm32f4xx_hal_can.o(i.HAL_CAN_ErrorCallback)
    HAL_CAN_GetRxMessage                     0x08000fab   Thumb Code   250  stm32f4xx_hal_can.o(i.HAL_CAN_GetRxMessage)
    HAL_CAN_IRQHandler                       0x080010a5   Thumb Code   508  stm32f4xx_hal_can.o(i.HAL_CAN_IRQHandler)
    HAL_CAN_Init                             0x080012a1   Thumb Code   282  stm32f4xx_hal_can.o(i.HAL_CAN_Init)
    HAL_CAN_MspInit                          0x080013bd   Thumb Code   210  stm32f4xx_hal_msp.o(i.HAL_CAN_MspInit)
    HAL_CAN_RxFifo0FullCallback              0x080014a9   Thumb Code     2  stm32f4xx_hal_can.o(i.HAL_CAN_RxFifo0FullCallback)
    HAL_CAN_RxFifo0MsgPendingCallback        0x080014ad   Thumb Code   246  can.o(i.HAL_CAN_RxFifo0MsgPendingCallback)
    HAL_CAN_RxFifo1FullCallback              0x080015b9   Thumb Code     2  stm32f4xx_hal_can.o(i.HAL_CAN_RxFifo1FullCallback)
    HAL_CAN_RxFifo1MsgPendingCallback        0x080015bb   Thumb Code     2  stm32f4xx_hal_can.o(i.HAL_CAN_RxFifo1MsgPendingCallback)
    HAL_CAN_SleepCallback                    0x080015bd   Thumb Code     2  stm32f4xx_hal_can.o(i.HAL_CAN_SleepCallback)
    HAL_CAN_Start                            0x080015c1   Thumb Code    88  stm32f4xx_hal_can.o(i.HAL_CAN_Start)
    HAL_CAN_TxMailbox0AbortCallback          0x08001619   Thumb Code     2  stm32f4xx_hal_can.o(i.HAL_CAN_TxMailbox0AbortCallback)
    HAL_CAN_TxMailbox0CompleteCallback       0x0800161b   Thumb Code     2  stm32f4xx_hal_can.o(i.HAL_CAN_TxMailbox0CompleteCallback)
    HAL_CAN_TxMailbox1AbortCallback          0x0800161d   Thumb Code     2  stm32f4xx_hal_can.o(i.HAL_CAN_TxMailbox1AbortCallback)
    HAL_CAN_TxMailbox1CompleteCallback       0x0800161f   Thumb Code     2  stm32f4xx_hal_can.o(i.HAL_CAN_TxMailbox1CompleteCallback)
    HAL_CAN_TxMailbox2AbortCallback          0x08001621   Thumb Code     2  stm32f4xx_hal_can.o(i.HAL_CAN_TxMailbox2AbortCallback)
    HAL_CAN_TxMailbox2CompleteCallback       0x08001623   Thumb Code     2  stm32f4xx_hal_can.o(i.HAL_CAN_TxMailbox2CompleteCallback)
    HAL_CAN_WakeUpFromRxMsgCallback          0x08001625   Thumb Code     2  stm32f4xx_hal_can.o(i.HAL_CAN_WakeUpFromRxMsgCallback)
    HAL_DMA_IRQHandler                       0x08001629   Thumb Code   412  stm32f4xx_hal_dma.o(i.HAL_DMA_IRQHandler)
    HAL_DMA_Init                             0x080017c9   Thumb Code   206  stm32f4xx_hal_dma.o(i.HAL_DMA_Init)
    HAL_DMA_Start_IT                         0x0800189d   Thumb Code   120  stm32f4xx_hal_dma.o(i.HAL_DMA_Start_IT)
    HAL_Delay                                0x08001915   Thumb Code    32  stm32f4xx_hal.o(i.HAL_Delay)
    HAL_GPIO_Init                            0x08001939   Thumb Code   388  stm32f4xx_hal_gpio.o(i.HAL_GPIO_Init)
    HAL_GetTick                              0x08001ae9   Thumb Code     6  stm32f4xx_hal.o(i.HAL_GetTick)
    HAL_IncTick                              0x08001af5   Thumb Code    12  stm32f4xx_hal.o(i.HAL_IncTick)
    HAL_Init                                 0x08001b05   Thumb Code    48  stm32f4xx_hal.o(i.HAL_Init)
    HAL_InitTick                             0x08001b39   Thumb Code    54  stm32f4xx_hal.o(i.HAL_InitTick)
    HAL_MspInit                              0x08001b79   Thumb Code   126  stm32f4xx_hal_msp.o(i.HAL_MspInit)
    HAL_NVIC_EnableIRQ                       0x08001bfd   Thumb Code    22  stm32f4xx_hal_cortex.o(i.HAL_NVIC_EnableIRQ)
    HAL_NVIC_SetPriority                     0x08001c15   Thumb Code    60  stm32f4xx_hal_cortex.o(i.HAL_NVIC_SetPriority)
    HAL_NVIC_SetPriorityGrouping             0x08001c55   Thumb Code    26  stm32f4xx_hal_cortex.o(i.HAL_NVIC_SetPriorityGrouping)
    HAL_RCC_ClockConfig                      0x08001c79   Thumb Code   286  stm32f4xx_hal_rcc.o(i.HAL_RCC_ClockConfig)
    HAL_RCC_GetHCLKFreq                      0x08001da9   Thumb Code     6  stm32f4xx_hal_rcc.o(i.HAL_RCC_GetHCLKFreq)
    HAL_RCC_GetPCLK1Freq                     0x08001db5   Thumb Code    20  stm32f4xx_hal_rcc.o(i.HAL_RCC_GetPCLK1Freq)
    HAL_RCC_GetPCLK2Freq                     0x08001dd5   Thumb Code    20  stm32f4xx_hal_rcc.o(i.HAL_RCC_GetPCLK2Freq)
    HAL_RCC_GetSysClockFreq                  0x08001df5   Thumb Code    88  stm32f4xx_hal_rcc.o(i.HAL_RCC_GetSysClockFreq)
    HAL_RCC_OscConfig                        0x08001e55   Thumb Code   770  stm32f4xx_hal_rcc.o(i.HAL_RCC_OscConfig)
    HAL_SYSTICK_CLKSourceConfig              0x08002171   Thumb Code    24  stm32f4xx_hal_cortex.o(i.HAL_SYSTICK_CLKSourceConfig)
    HAL_SYSTICK_Config                       0x08002189   Thumb Code    40  stm32f4xx_hal_cortex.o(i.HAL_SYSTICK_Config)
    HAL_UART_ErrorCallback                   0x080021b1   Thumb Code     2  stm32f4xx_hal_uart.o(i.HAL_UART_ErrorCallback)
    HAL_UART_Init                            0x080021b3   Thumb Code    98  stm32f4xx_hal_uart.o(i.HAL_UART_Init)
    HAL_UART_MspInit                         0x08002215   Thumb Code   218  stm32f4xx_hal_msp.o(i.HAL_UART_MspInit)
    HAL_UART_Receive_DMA                     0x0800230d   Thumb Code   138  stm32f4xx_hal_uart.o(i.HAL_UART_Receive_DMA)
    HAL_UART_RxCpltCallback                  0x080023a5   Thumb Code     2  stm32f4xx_hal_uart.o(i.HAL_UART_RxCpltCallback)
    HAL_UART_RxHalfCpltCallback              0x080023a7   Thumb Code     2  stm32f4xx_hal_uart.o(i.HAL_UART_RxHalfCpltCallback)
    HardFault_Handler                        0x080023a9   Thumb Code     2  stm32f4xx_it.o(i.HardFault_Handler)
    MX_CAN1_Init                             0x080023ad   Thumb Code   106  can.o(i.MX_CAN1_Init)
    MX_CAN2_Init                             0x08002421   Thumb Code   102  can.o(i.MX_CAN2_Init)
    MX_DMA_Init                              0x08002491   Thumb Code    72  usart.o(i.MX_DMA_Init)
    MX_FREERTOS_Init                         0x080024dd   Thumb Code   200  freertos.o(i.MX_FREERTOS_Init)
    MX_USART1_UART_Init                      0x08002619   Thumb Code    48  usart.o(i.MX_USART1_UART_Init)
    MX_USART2_UART_Init                      0x08002651   Thumb Code    70  usart.o(i.MX_USART2_UART_Init)
    MemManage_Handler                        0x080026a5   Thumb Code     2  stm32f4xx_it.o(i.MemManage_Handler)
    NMI_Handler                              0x080026a7   Thumb Code     2  stm32f4xx_it.o(i.NMI_Handler)
    PID_struct_init                          0x080026c9   Thumb Code    60  pid.o(i.PID_struct_init)
    Shoot_Param_Init                         0x0800270d   Thumb Code   130  shoot_task.o(i.Shoot_Param_Init)
    StartDefaultTask                         0x080027ad   Thumb Code     8  freertos.o(i.StartDefaultTask)
    SysTick_Handler                          0x080027b5   Thumb Code    14  stm32f4xx_it.o(i.SysTick_Handler)
    SystemClock_Config                       0x080027c5   Thumb Code   156  main.o(i.SystemClock_Config)
    SystemInit                               0x08002869   Thumb Code    66  system_stm32f4xx.o(i.SystemInit)
    USART2_IRQHandler                        0x08002c29   Thumb Code   122  usart.o(i.USART2_IRQHandler)
    USART6_IRQHandler                        0x08002cb1   Thumb Code    70  usart.o(i.USART6_IRQHandler)
    UsageFault_Handler                       0x08002d05   Thumb Code     2  stm32f4xx_it.o(i.UsageFault_Handler)
    __ARM_fpclassify                         0x08002d07   Thumb Code    48  fpclassify.o(i.__ARM_fpclassify)
    __hardfp_cos                             0x08002d39   Thumb Code   180  cos.o(i.__hardfp_cos)
    __hardfp_sin                             0x08002e01   Thumb Code   180  sin.o(i.__hardfp_sin)
    __ieee754_rem_pio2                       0x08002ec9   Thumb Code   938  rred.o(i.__ieee754_rem_pio2)
    __kernel_cos                             0x08003301   Thumb Code   322  cos_i.o(i.__kernel_cos)
    __kernel_poly                            0x08003471   Thumb Code   248  poly.o(i.__kernel_poly)
    __kernel_sin                             0x08003569   Thumb Code   280  sin_i.o(i.__kernel_sin)
    __mathlib_dbl_infnan                     0x08003699   Thumb Code    20  dunder.o(i.__mathlib_dbl_infnan)
    __mathlib_dbl_invalid                    0x080036b1   Thumb Code    24  dunder.o(i.__mathlib_dbl_invalid)
    __mathlib_dbl_underflow                  0x080036d1   Thumb Code    24  dunder.o(i.__mathlib_dbl_underflow)
    __scatterload_copy                       0x080036f1   Thumb Code    14  handlers.o(i.__scatterload_copy)
    __scatterload_null                       0x080036ff   Thumb Code     2  handlers.o(i.__scatterload_null)
    __scatterload_zeroinit                   0x08003701   Thumb Code    14  handlers.o(i.__scatterload_zeroinit)
    __set_errno                              0x08003711   Thumb Code     6  errno.o(i.__set_errno)
    abs_limit                                0x0800371d   Thumb Code    42  pid.o(i.abs_limit)
    can_send_task                            0x08003749   Thumb Code    68  common_task.o(i.can_send_task)
    chassis_pid_calc                         0x08003791   Thumb Code   252  pid.o(i.chassis_pid_calc)
    chassis_task                             0x08003891   Thumb Code   566  chassis_task.o(i.chassis_task)
    encoder_data_handler                     0x08003b15   Thumb Code   180  can.o(i.encoder_data_handler)
    encoder_data_handler1                    0x08003bd1   Thumb Code   184  can.o(i.encoder_data_handler1)
    encoder_data_handler2                    0x08003c91   Thumb Code   120  can.o(i.encoder_data_handler2)
    fabs                                     0x08003d09   Thumb Code    24  fabs.o(i.fabs)
    get_gimbal_info                          0x08003d21   Thumb Code   156  get_gimbal_info.o(i.get_gimbal_info)
    get_main_ctrl_mode                       0x08003dcd   Thumb Code   178  mode_switch_task.o(i.get_main_ctrl_mode)
    get_moto_offset                          0x08003e95   Thumb Code    10  can.o(i.get_moto_offset)
    gimbal_task                              0x08003ea1   Thumb Code   182  gimbal_task.o(i.gimbal_task)
    gyro_data_receive                        0x08003f7d   Thumb Code    78  can.o(i.gyro_data_receive)
    init_mode_handler                        0x08003fdd   Thumb Code    46  gimbal_task.o(i.init_mode_handler)
    main                                     0x08004019   Thumb Code    62  main.o(i.main)
    mode_switch_task                         0x08004065   Thumb Code   114  mode_switch_task.o(i.mode_switch_task)
    normal_mode_handler                      0x080040f5   Thumb Code    20  gimbal_task.o(i.normal_mode_handler)
    osDelay                                  0x0800410d   Thumb Code    14  cmsis_os.o(i.osDelay)
    osDelayUntil                             0x0800411b   Thumb Code     4  cmsis_os.o(i.osDelayUntil)
    osKernelStart                            0x0800411f   Thumb Code    10  cmsis_os.o(i.osKernelStart)
    osKernelSysTick                          0x08004129   Thumb Code    24  cmsis_os.o(i.osKernelSysTick)
    osSignalSet                              0x08004141   Thumb Code    86  cmsis_os.o(i.osSignalSet)
    osSignalWait                             0x0800419d   Thumb Code    86  cmsis_os.o(i.osSignalWait)
    osSystickHandler                         0x080041f3   Thumb Code    20  cmsis_os.o(i.osSystickHandler)
    osThreadCreate                           0x08004207   Thumb Code    46  cmsis_os.o(i.osThreadCreate)
    osTimerCreate                            0x08004235   Thumb Code    30  cmsis_os.o(i.osTimerCreate)
    osTimerStart                             0x08004259   Thumb Code    88  cmsis_os.o(i.osTimerStart)
    pid_calc                                 0x080042b5   Thumb Code   230  pid.o(i.pid_calc)
    pvPortMalloc                             0x08004acd   Thumb Code   210  heap_4.o(i.pvPortMalloc)
    pvTaskIncrementMutexHeldCount            0x08004ba5   Thumb Code    18  tasks.o(i.pvTaskIncrementMutexHeldCount)
    pxPortInitialiseStack                    0x08004bbd   Thumb Code    40  port.o(i.pxPortInitialiseStack)
    ramp_calc                                0x08004be9   Thumb Code    50  ramp.o(i.ramp_calc)
    ramp_init                                0x08004c21   Thumb Code     8  ramp.o(i.ramp_init)
    remote_ctrl_chassis_hook                 0x08004c29   Thumb Code   160  get_chassis_info.o(i.remote_ctrl_chassis_hook)
    remote_ctrl_gimbal_hook                  0x08004cf1   Thumb Code    76  get_gimbal_info.o(i.remote_ctrl_gimbal_hook)
    remote_ctrl_shoot_hook                   0x08004d51   Thumb Code    22  get_shoot_info.o(i.remote_ctrl_shoot_hook)
    send_chassis_cur                         0x08004d75   Thumb Code    76  can.o(i.send_chassis_cur)
    send_chassis_motor_ctrl_message          0x08004dc5   Thumb Code    20  get_chassis_info.o(i.send_chassis_motor_ctrl_message)
    send_gimbal_cur                          0x08004dd9   Thumb Code    74  can.o(i.send_gimbal_cur)
    send_gimbal_motor_ctrl_message           0x08004e29   Thumb Code    18  get_gimbal_info.o(i.send_gimbal_motor_ctrl_message)
    send_shoot_cur                           0x08004e3d   Thumb Code    74  can.o(i.send_shoot_cur)
    send_shoot_motor_ctrl_message            0x08004e8d   Thumb Code    16  get_shoot_info.o(i.send_shoot_motor_ctrl_message)
    shoot_remote_handler                     0x08004e9d   Thumb Code    64  shoot_task.o(i.shoot_remote_handler)
    shoot_task                               0x08004ee9   Thumb Code   178  shoot_task.o(i.shoot_task)
    uxListRemove                             0x08004fc1   Thumb Code    36  list.o(i.uxListRemove)
    vListInitialise                          0x08004fe5   Thumb Code    22  list.o(i.vListInitialise)
    vListInitialiseItem                      0x08004ffb   Thumb Code     6  list.o(i.vListInitialiseItem)
    vListInsert                              0x08005001   Thumb Code    48  list.o(i.vListInsert)
    vListInsertEnd                           0x08005031   Thumb Code    24  list.o(i.vListInsertEnd)
    vPortEnterCritical                       0x08005049   Thumb Code    54  port.o(i.vPortEnterCritical)
    vPortExitCritical                        0x08005089   Thumb Code    34  port.o(i.vPortExitCritical)
    vPortFree                                0x080050b1   Thumb Code    88  heap_4.o(i.vPortFree)
    vPortSetupTimerInterrupt                 0x0800510d   Thumb Code    26  port.o(i.vPortSetupTimerInterrupt)
    vPortValidateInterruptPriority           0x0800512d   Thumb Code    74  port.o(i.vPortValidateInterruptPriority)
    vQueueAddToRegistry                      0x08005181   Thumb Code    34  queue.o(i.vQueueAddToRegistry)
    vQueueWaitForMessageRestricted           0x080051a9   Thumb Code    68  queue.o(i.vQueueWaitForMessageRestricted)
    vTaskDelay                               0x080051ed   Thumb Code    66  tasks.o(i.vTaskDelay)
    vTaskMissedYield                         0x08005239   Thumb Code     8  tasks.o(i.vTaskMissedYield)
    vTaskPlaceOnEventList                    0x08005245   Thumb Code    44  tasks.o(i.vTaskPlaceOnEventList)
    vTaskPlaceOnEventListRestricted          0x08005275   Thumb Code    52  tasks.o(i.vTaskPlaceOnEventListRestricted)
    vTaskPriorityInherit                     0x080052ad   Thumb Code   124  tasks.o(i.vTaskPriorityInherit)
    vTaskSetTimeOutState                     0x08005331   Thumb Code    30  tasks.o(i.vTaskSetTimeOutState)
    vTaskStartScheduler                      0x08005355   Thumb Code    94  tasks.o(i.vTaskStartScheduler)
    vTaskSuspendAll                          0x080053c5   Thumb Code    10  tasks.o(i.vTaskSuspendAll)
    vTaskSwitchContext                       0x080053d5   Thumb Code    82  tasks.o(i.vTaskSwitchContext)
    xPortStartScheduler                      0x08005431   Thumb Code   202  port.o(i.xPortStartScheduler)
    xPortSysTickHandler                      0x08005511   Thumb Code    38  port.o(i.xPortSysTickHandler)
    xQueueGenericCreate                      0x0800553d   Thumb Code    72  queue.o(i.xQueueGenericCreate)
    xQueueGenericReceive                     0x08005585   Thumb Code   360  queue.o(i.xQueueGenericReceive)
    xQueueGenericReset                       0x080056f1   Thumb Code   132  queue.o(i.xQueueGenericReset)
    xQueueGenericSend                        0x08005779   Thumb Code   346  queue.o(i.xQueueGenericSend)
    xQueueGenericSendFromISR                 0x080058d9   Thumb Code   188  queue.o(i.xQueueGenericSendFromISR)
    xTaskCheckForTimeOut                     0x08005995   Thumb Code   102  tasks.o(i.xTaskCheckForTimeOut)
    xTaskCreate                              0x08005a01   Thumb Code    86  tasks.o(i.xTaskCreate)
    xTaskGenericNotify                       0x08005a59   Thumb Code   190  tasks.o(i.xTaskGenericNotify)
    xTaskGenericNotifyFromISR                0x08005b25   Thumb Code   232  tasks.o(i.xTaskGenericNotifyFromISR)
    xTaskGetSchedulerState                   0x08005c15   Thumb Code    22  tasks.o(i.xTaskGetSchedulerState)
    xTaskGetTickCount                        0x08005c31   Thumb Code     6  tasks.o(i.xTaskGetTickCount)
    xTaskGetTickCountFromISR                 0x08005c3d   Thumb Code    12  tasks.o(i.xTaskGetTickCountFromISR)
    xTaskIncrementTick                       0x08005c4d   Thumb Code   192  tasks.o(i.xTaskIncrementTick)
    xTaskNotifyWait                          0x08005d15   Thumb Code   130  tasks.o(i.xTaskNotifyWait)
    xTaskPriorityDisinherit                  0x08005da1   Thumb Code   144  tasks.o(i.xTaskPriorityDisinherit)
    xTaskRemoveFromEventList                 0x08005e39   Thumb Code   108  tasks.o(i.xTaskRemoveFromEventList)
    xTaskResumeAll                           0x08005ead   Thumb Code   182  tasks.o(i.xTaskResumeAll)
    xTimerCreate                             0x08005f71   Thumb Code    78  timers.o(i.xTimerCreate)
    xTimerCreateTimerTask                    0x08005fc1   Thumb Code    58  timers.o(i.xTimerCreateTimerTask)
    xTimerGenericCommand                     0x0800600d   Thumb Code    92  timers.o(i.xTimerGenericCommand)
    zitai_data_receive2                      0x0800606d   Thumb Code   200  can.o(i.zitai_data_receive2)
    AHBPrescTable                            0x080061d8   Data          16  system_stm32f4xx.o(.constdata)
    APBPrescTable                            0x080061e8   Data           8  system_stm32f4xx.o(.constdata)
    Region$$Table$$Base                      0x08006368   Number         0  anon$$obj.o(Region$$Table)
    Region$$Table$$Limit                     0x08006388   Number         0  anon$$obj.o(Region$$Table)
    defaultTaskHandle                        0x20000000   Data           4  freertos.o(.data)
    GET_CHASSIS_INFHandle                    0x20000004   Data           4  freertos.o(.data)
    GET_GIMBAL_INFHandle                     0x20000008   Data           4  freertos.o(.data)
    GET_SHOOT_INFHandle                      0x2000000c   Data           4  freertos.o(.data)
    canTaskHandle                            0x20000010   Data           4  freertos.o(.data)
    infoTaskHandle                           0x20000014   Data           4  freertos.o(.data)
    chassisTimerHandle                       0x20000018   Data           4  freertos.o(.data)
    gimbalTimerHandle                        0x2000001c   Data           4  freertos.o(.data)
    shootTimerHandle                         0x20000020   Data           4  freertos.o(.data)
    temp                                     0x20000030   Data           2  usart.o(.data)
    uwTickFreq                               0x20000034   Data           1  stm32f4xx_hal.o(.data)
    uwTickPrio                               0x20000038   Data           4  stm32f4xx_hal.o(.data)
    uwTick                                   0x2000003c   Data           4  stm32f4xx_hal.o(.data)
    SystemCoreClock                          0x20000040   Data           4  system_stm32f4xx.o(.data)
    pxCurrentTCB                             0x20000044   Data           4  tasks.o(.data)
    ctrl_mode                                0x200000b8   Data           1  mode_switch_task.o(.data)
    ramp_mode                                0x200000b9   Data           1  mode_switch_task.o(.data)
    Reset                                    0x200000bc   Data           4  mode_switch_task.o(.data)
    mode_switch_times                        0x200000c4   Data           4  mode_switch_task.o(.data)
    handler_run_time                         0x200000c8   Data           4  gimbal_task.o(.data)
    pit_ramp                                 0x200000cc   Data          20  get_gimbal_info.o(.data)
    yaw_ramp                                 0x200000e0   Data          20  get_gimbal_info.o(.data)
    hcan1                                    0x200000fc   Data          40  can.o(.bss)
    hcan2                                    0x20000124   Data          40  can.o(.bss)
    Tx1Message                               0x2000014c   Data          24  can.o(.bss)
    Rx1Message                               0x20000164   Data          28  can.o(.bss)
    Tx2Message                               0x20000180   Data          24  can.o(.bss)
    Rx2Message                               0x20000198   Data          28  can.o(.bss)
    FILTER1                                  0x200001b4   Data          40  can.o(.bss)
    FILTER2                                  0x200001dc   Data          40  can.o(.bss)
    moto_chassis                             0x20000204   Data         272  can.o(.bss)
    moto_friction                            0x20000314   Data         296  can.o(.bss)
    moto_trigger                             0x2000043c   Data          68  can.o(.bss)
    moto_pit                                 0x20000480   Data          68  can.o(.bss)
    moto_yaw                                 0x200004c4   Data          68  can.o(.bss)
    gyro_data                                0x20000508   Data          56  can.o(.bss)
    RC_CtrlData                              0x20000540   Data          22  usart.o(.bss)
    rc_RxBuffer                              0x20000556   Data         128  usart.o(.bss)
    PC_DATA                                  0x200005d6   Data          14  usart.o(.bss)
    huart1                                   0x200005e4   Data          64  usart.o(.bss)
    huart2                                   0x20000624   Data          64  usart.o(.bss)
    huart6                                   0x20000664   Data          64  usart.o(.bss)
    hdma_usart2_rx                           0x200006a4   Data          96  usart.o(.bss)
    pid_yaw                                  0x20000704   Data          68  pid.o(.bss)
    pid_pit                                  0x20000748   Data          68  pid.o(.bss)
    pid_yaw_spd                              0x2000078c   Data          68  pid.o(.bss)
    pid_pit_spd                              0x200007d0   Data          68  pid.o(.bss)
    pid_rotate                               0x20000814   Data          68  pid.o(.bss)
    pid_spd                                  0x20000858   Data         272  pid.o(.bss)
    pid_fric_spd                             0x20000968   Data         136  pid.o(.bss)
    pid_trigger                              0x200009f0   Data          68  pid.o(.bss)
    pid_trigger_spd                          0x20000a34   Data          68  pid.o(.bss)
    xQueueRegistry                           0x20000a78   Data          64  queue.o(.bss)
    glb_cur                                  0x200047d0   Data          20  common_task.o(.bss)
    gim                                      0x200047e4   Data         104  gimbal_task.o(.bss)
    chassis                                  0x2000484c   Data         108  chassis_task.o(.bss)
    FBSpeedRamp                              0x200048b8   Data          20  chassis_task.o(.bss)
    LRSpeedRamp                              0x200048cc   Data          20  chassis_task.o(.bss)
    shoot                                    0x200048e0   Data          62  shoot_task.o(.bss)
    __initial_sp                             0x20004d20   Data           0  startup_stm32f407xx.o(STACK)



==============================================================================

Memory Map of the image

  Image Entry point : 0x08000189

  Load Region LR_IROM1 (Base: 0x08000000, Size: 0x00006484, Max: 0x00080000, ABSOLUTE)

    Execution Region ER_IROM1 (Base: 0x08000000, Size: 0x00006388, Max: 0x00080000, ABSOLUTE)

    Base Addr    Size         Type   Attr      Idx    E Section Name        Object

    0x08000000   0x00000188   Data   RO            3    RESET               startup_stm32f407xx.o
    0x08000188   0x00000000   Code   RO         3990  * .ARM.Collect$$$$00000000  mc_w.l(entry.o)
    0x08000188   0x00000004   Code   RO         4041    .ARM.Collect$$$$00000001  mc_w.l(entry2.o)
    0x0800018c   0x00000004   Code   RO         4044    .ARM.Collect$$$$00000004  mc_w.l(entry5.o)
    0x08000190   0x00000000   Code   RO         4046    .ARM.Collect$$$$00000008  mc_w.l(entry7b.o)
    0x08000190   0x00000000   Code   RO         4048    .ARM.Collect$$$$0000000A  mc_w.l(entry8b.o)
    0x08000190   0x00000008   Code   RO         4049    .ARM.Collect$$$$0000000B  mc_w.l(entry9a.o)
    0x08000198   0x00000000   Code   RO         4051    .ARM.Collect$$$$0000000D  mc_w.l(entry10a.o)
    0x08000198   0x00000000   Code   RO         4053    .ARM.Collect$$$$0000000F  mc_w.l(entry11a.o)
    0x08000198   0x00000004   Code   RO         4042    .ARM.Collect$$$$00002712  mc_w.l(entry2.o)
    0x0800019c   0x000000ba   Code   RO         3569    .emb_text           port.o
    0x08000256   0x00000002   PAD
    0x08000258   0x00000024   Code   RO            4    .text               startup_stm32f407xx.o
    0x0800027c   0x00000062   Code   RO         3993    .text               mc_w.l(uldiv.o)
    0x080002de   0x00000024   Code   RO         3995    .text               mc_w.l(memcpya.o)
    0x08000302   0x00000024   Code   RO         3997    .text               mc_w.l(memseta.o)
    0x08000326   0x0000014e   Code   RO         4001    .text               mf_w.l(dadd.o)
    0x08000474   0x000000e4   Code   RO         4003    .text               mf_w.l(dmul.o)
    0x08000558   0x000000de   Code   RO         4005    .text               mf_w.l(ddiv.o)
    0x08000636   0x00000022   Code   RO         4007    .text               mf_w.l(dflti.o)
    0x08000658   0x00000026   Code   RO         4009    .text               mf_w.l(f2d.o)
    0x0800067e   0x00000038   Code   RO         4011    .text               mf_w.l(d2f.o)
    0x080006b6   0x0000001e   Code   RO         4055    .text               mc_w.l(llshl.o)
    0x080006d4   0x00000020   Code   RO         4057    .text               mc_w.l(llushr.o)
    0x080006f4   0x00000024   Code   RO         4059    .text               mc_w.l(llsshr.o)
    0x08000718   0x00000000   Code   RO         4068    .text               mc_w.l(iusefp.o)
    0x08000718   0x0000006e   Code   RO         4069    .text               mf_w.l(fepilogue.o)
    0x08000786   0x000000ba   Code   RO         4071    .text               mf_w.l(depilogue.o)
    0x08000840   0x00000024   Code   RO         4085    .text               mc_w.l(init.o)
    0x08000864   0x0000001a   Code   RO         4087    .text               mf_w.l(dfltui.o)
    0x0800087e   0x0000003e   Code   RO         4089    .text               mf_w.l(dfixi.o)
    0x080008bc   0x00000002   Code   RO          318    i.BusFault_Handler  stm32f4xx_it.o
    0x080008be   0x00000002   PAD
    0x080008c0   0x0000000c   Code   RO          319    i.CAN1_RX0_IRQHandler  stm32f4xx_it.o
    0x080008cc   0x0000000c   Code   RO          320    i.CAN1_TX_IRQHandler  stm32f4xx_it.o
    0x080008d8   0x0000000c   Code   RO          321    i.CAN2_RX0_IRQHandler  stm32f4xx_it.o
    0x080008e4   0x0000000c   Code   RO          322    i.CAN2_TX_IRQHandler  stm32f4xx_it.o
    0x080008f0   0x00000098   Code   RO         3816    i.Chassis_Param_Init  chassis_task.o
    0x08000988   0x0000000c   Code   RO          323    i.DMA1_Stream5_IRQHandler  stm32f4xx_it.o
    0x08000994   0x00000028   Code   RO         1840    i.DMA_CalcBaseAndBitshift  stm32f4xx_hal_dma.o
    0x080009bc   0x00000054   Code   RO         1841    i.DMA_CheckFifoParam  stm32f4xx_hal_dma.o
    0x08000a10   0x00000028   Code   RO         1842    i.DMA_SetConfig     stm32f4xx_hal_dma.o
    0x08000a38   0x00000002   Code   RO          324    i.DebugMon_Handler  stm32f4xx_it.o
    0x08000a3a   0x00000002   Code   RO           13    i.Error_Handler     main.o
    0x08000a3c   0x00000090   Code   RO         3854    i.Get_Chassis_Info  get_chassis_info.o
    0x08000acc   0x00000024   Code   RO         3765    i.Get_Gimbal_Info   get_gimbal_info.o
    0x08000af0   0x000000a8   Code   RO          571    i.Get_Remote_info   usart.o
    0x08000b98   0x000000a8   Code   RO         3933    i.Get_Shoot_Info    get_shoot_info.o
    0x08000c40   0x000000a8   Code   RO         3766    i.GimbalAngleLimit  get_gimbal_info.o
    0x08000ce8   0x000000c4   Code   RO         3716    i.Gimbal_Param_Init  gimbal_task.o
    0x08000dac   0x00000028   Code   RO          786    i.HAL_CAN_ActivateNotification  stm32f4xx_hal_can.o
    0x08000dd4   0x000000c8   Code   RO          787    i.HAL_CAN_AddTxMessage  stm32f4xx_hal_can.o
    0x08000e9c   0x0000010c   Code   RO          788    i.HAL_CAN_ConfigFilter  stm32f4xx_hal_can.o
    0x08000fa8   0x00000002   Code   RO          791    i.HAL_CAN_ErrorCallback  stm32f4xx_hal_can.o
    0x08000faa   0x000000fa   Code   RO          794    i.HAL_CAN_GetRxMessage  stm32f4xx_hal_can.o
    0x080010a4   0x000001fc   Code   RO          798    i.HAL_CAN_IRQHandler  stm32f4xx_hal_can.o
    0x080012a0   0x0000011a   Code   RO          799    i.HAL_CAN_Init      stm32f4xx_hal_can.o
    0x080013ba   0x00000002   PAD
    0x080013bc   0x000000ec   Code   RO          413    i.HAL_CAN_MspInit   stm32f4xx_hal_msp.o
    0x080014a8   0x00000002   Code   RO          806    i.HAL_CAN_RxFifo0FullCallback  stm32f4xx_hal_can.o
    0x080014aa   0x00000002   PAD
    0x080014ac   0x0000010c   Code   RO          468    i.HAL_CAN_RxFifo0MsgPendingCallback  can.o
    0x080015b8   0x00000002   Code   RO          808    i.HAL_CAN_RxFifo1FullCallback  stm32f4xx_hal_can.o
    0x080015ba   0x00000002   Code   RO          809    i.HAL_CAN_RxFifo1MsgPendingCallback  stm32f4xx_hal_can.o
    0x080015bc   0x00000002   Code   RO          810    i.HAL_CAN_SleepCallback  stm32f4xx_hal_can.o
    0x080015be   0x00000002   PAD
    0x080015c0   0x00000058   Code   RO          811    i.HAL_CAN_Start     stm32f4xx_hal_can.o
    0x08001618   0x00000002   Code   RO          813    i.HAL_CAN_TxMailbox0AbortCallback  stm32f4xx_hal_can.o
    0x0800161a   0x00000002   Code   RO          814    i.HAL_CAN_TxMailbox0CompleteCallback  stm32f4xx_hal_can.o
    0x0800161c   0x00000002   Code   RO          815    i.HAL_CAN_TxMailbox1AbortCallback  stm32f4xx_hal_can.o
    0x0800161e   0x00000002   Code   RO          816    i.HAL_CAN_TxMailbox1CompleteCallback  stm32f4xx_hal_can.o
    0x08001620   0x00000002   Code   RO          817    i.HAL_CAN_TxMailbox2AbortCallback  stm32f4xx_hal_can.o
    0x08001622   0x00000002   Code   RO          818    i.HAL_CAN_TxMailbox2CompleteCallback  stm32f4xx_hal_can.o
    0x08001624   0x00000002   Code   RO          820    i.HAL_CAN_WakeUpFromRxMsgCallback  stm32f4xx_hal_can.o
    0x08001626   0x00000002   PAD
    0x08001628   0x000001a0   Code   RO         1848    i.HAL_DMA_IRQHandler  stm32f4xx_hal_dma.o
    0x080017c8   0x000000d4   Code   RO         1849    i.HAL_DMA_Init      stm32f4xx_hal_dma.o
    0x0800189c   0x00000078   Code   RO         1853    i.HAL_DMA_Start_IT  stm32f4xx_hal_dma.o
    0x08001914   0x00000024   Code   RO         2262    i.HAL_Delay         stm32f4xx_hal.o
    0x08001938   0x000001b0   Code   RO         1736    i.HAL_GPIO_Init     stm32f4xx_hal_gpio.o
    0x08001ae8   0x0000000c   Code   RO         2268    i.HAL_GetTick       stm32f4xx_hal.o
    0x08001af4   0x00000010   Code   RO         2272    i.HAL_IncTick       stm32f4xx_hal.o
    0x08001b04   0x00000034   Code   RO         2273    i.HAL_Init          stm32f4xx_hal.o
    0x08001b38   0x00000040   Code   RO         2274    i.HAL_InitTick      stm32f4xx_hal.o
    0x08001b78   0x00000084   Code   RO          414    i.HAL_MspInit       stm32f4xx_hal_msp.o
    0x08001bfc   0x00000016   Code   RO         2125    i.HAL_NVIC_EnableIRQ  stm32f4xx_hal_cortex.o
    0x08001c12   0x00000002   PAD
    0x08001c14   0x00000040   Code   RO         2131    i.HAL_NVIC_SetPriority  stm32f4xx_hal_cortex.o
    0x08001c54   0x00000024   Code   RO         2132    i.HAL_NVIC_SetPriorityGrouping  stm32f4xx_hal_cortex.o
    0x08001c78   0x00000130   Code   RO         1382    i.HAL_RCC_ClockConfig  stm32f4xx_hal_rcc.o
    0x08001da8   0x0000000c   Code   RO         1387    i.HAL_RCC_GetHCLKFreq  stm32f4xx_hal_rcc.o
    0x08001db4   0x00000020   Code   RO         1389    i.HAL_RCC_GetPCLK1Freq  stm32f4xx_hal_rcc.o
    0x08001dd4   0x00000020   Code   RO         1390    i.HAL_RCC_GetPCLK2Freq  stm32f4xx_hal_rcc.o
    0x08001df4   0x00000060   Code   RO         1391    i.HAL_RCC_GetSysClockFreq  stm32f4xx_hal_rcc.o
    0x08001e54   0x0000031c   Code   RO         1394    i.HAL_RCC_OscConfig  stm32f4xx_hal_rcc.o
    0x08002170   0x00000018   Code   RO         2134    i.HAL_SYSTICK_CLKSourceConfig  stm32f4xx_hal_cortex.o
    0x08002188   0x00000028   Code   RO         2136    i.HAL_SYSTICK_Config  stm32f4xx_hal_cortex.o
    0x080021b0   0x00000002   Code   RO         1076    i.HAL_UART_ErrorCallback  stm32f4xx_hal_uart.o
    0x080021b2   0x00000062   Code   RO         1080    i.HAL_UART_Init     stm32f4xx_hal_uart.o
    0x08002214   0x000000f8   Code   RO          417    i.HAL_UART_MspInit  stm32f4xx_hal_msp.o
    0x0800230c   0x00000098   Code   RO         1084    i.HAL_UART_Receive_DMA  stm32f4xx_hal_uart.o
    0x080023a4   0x00000002   Code   RO         1086    i.HAL_UART_RxCpltCallback  stm32f4xx_hal_uart.o
    0x080023a6   0x00000002   Code   RO         1087    i.HAL_UART_RxHalfCpltCallback  stm32f4xx_hal_uart.o
    0x080023a8   0x00000002   Code   RO          325    i.HardFault_Handler  stm32f4xx_it.o
    0x080023aa   0x00000002   PAD
    0x080023ac   0x00000074   Code   RO          469    i.MX_CAN1_Init      can.o
    0x08002420   0x00000070   Code   RO          470    i.MX_CAN2_Init      can.o
    0x08002490   0x0000004c   Code   RO          572    i.MX_DMA_Init       usart.o
    0x080024dc   0x000000d0   Code   RO          259    i.MX_FREERTOS_Init  freertos.o
    0x080025ac   0x0000006c   Code   RO           14    i.MX_GPIO_Init      main.o
    0x08002618   0x00000038   Code   RO          573    i.MX_USART1_UART_Init  usart.o
    0x08002650   0x00000054   Code   RO          574    i.MX_USART2_UART_Init  usart.o
    0x080026a4   0x00000002   Code   RO          326    i.MemManage_Handler  stm32f4xx_it.o
    0x080026a6   0x00000002   Code   RO          327    i.NMI_Handler       stm32f4xx_it.o
    0x080026a8   0x00000020   Code   RO         2138    i.NVIC_SetPriority  stm32f4xx_hal_cortex.o
    0x080026c8   0x00000044   Code   RO          660    i.PID_struct_init   pid.o
    0x0800270c   0x000000a0   Code   RO         3890    i.Shoot_Param_Init  shoot_task.o
    0x080027ac   0x00000008   Code   RO          260    i.StartDefaultTask  freertos.o
    0x080027b4   0x0000000e   Code   RO          328    i.SysTick_Handler   stm32f4xx_it.o
    0x080027c2   0x00000002   PAD
    0x080027c4   0x000000a4   Code   RO           15    i.SystemClock_Config  main.o
    0x08002868   0x00000054   Code   RO         2427    i.SystemInit        system_stm32f4xx.o
    0x080028bc   0x0000004a   Code   RO         1094    i.UART_DMAError     stm32f4xx_hal_uart.o
    0x08002906   0x0000003c   Code   RO         1095    i.UART_DMAReceiveCplt  stm32f4xx_hal_uart.o
    0x08002942   0x0000000a   Code   RO         1097    i.UART_DMARxHalfCplt  stm32f4xx_hal_uart.o
    0x0800294c   0x0000001c   Code   RO         1103    i.UART_EndRxTransfer  stm32f4xx_hal_uart.o
    0x08002968   0x00000012   Code   RO         1104    i.UART_EndTxTransfer  stm32f4xx_hal_uart.o
    0x0800297a   0x00000002   PAD
    0x0800297c   0x000002ac   Code   RO         1106    i.UART_SetConfig    stm32f4xx_hal_uart.o
    0x08002c28   0x00000088   Code   RO          576    i.USART2_IRQHandler  usart.o
    0x08002cb0   0x00000054   Code   RO          577    i.USART6_IRQHandler  usart.o
    0x08002d04   0x00000002   Code   RO          329    i.UsageFault_Handler  stm32f4xx_it.o
    0x08002d06   0x00000030   Code   RO         4081    i.__ARM_fpclassify  m_wm.l(fpclassify.o)
    0x08002d36   0x00000002   PAD
    0x08002d38   0x000000c8   Code   RO         3966    i.__hardfp_cos      m_wm.l(cos.o)
    0x08002e00   0x000000c8   Code   RO         3978    i.__hardfp_sin      m_wm.l(sin.o)
    0x08002ec8   0x00000438   Code   RO         4030    i.__ieee754_rem_pio2  m_wm.l(rred.o)
    0x08003300   0x00000170   Code   RO         4013    i.__kernel_cos      m_wm.l(cos_i.o)
    0x08003470   0x000000f8   Code   RO         4083    i.__kernel_poly     m_wm.l(poly.o)
    0x08003568   0x00000130   Code   RO         4035    i.__kernel_sin      m_wm.l(sin_i.o)
    0x08003698   0x00000014   Code   RO         4017    i.__mathlib_dbl_infnan  m_wm.l(dunder.o)
    0x080036ac   0x00000004   PAD
    0x080036b0   0x00000020   Code   RO         4019    i.__mathlib_dbl_invalid  m_wm.l(dunder.o)
    0x080036d0   0x00000020   Code   RO         4022    i.__mathlib_dbl_underflow  m_wm.l(dunder.o)
    0x080036f0   0x0000000e   Code   RO         4093    i.__scatterload_copy  mc_w.l(handlers.o)
    0x080036fe   0x00000002   Code   RO         4094    i.__scatterload_null  mc_w.l(handlers.o)
    0x08003700   0x0000000e   Code   RO         4095    i.__scatterload_zeroinit  mc_w.l(handlers.o)
    0x0800370e   0x00000002   PAD
    0x08003710   0x0000000c   Code   RO         4063    i.__set_errno       mc_w.l(errno.o)
    0x0800371c   0x0000002a   Code   RO          661    i.abs_limit         pid.o
    0x08003746   0x00000002   PAD
    0x08003748   0x00000048   Code   RO         3686    i.can_send_task     common_task.o
    0x08003790   0x00000100   Code   RO          662    i.chassis_pid_calc  pid.o
    0x08003890   0x00000284   Code   RO         3817    i.chassis_task      chassis_task.o
    0x08003b14   0x000000bc   Code   RO          471    i.encoder_data_handler  can.o
    0x08003bd0   0x000000c0   Code   RO          472    i.encoder_data_handler1  can.o
    0x08003c90   0x00000078   Code   RO          473    i.encoder_data_handler2  can.o
    0x08003d08   0x00000018   Code   RO         4077    i.fabs              m_wm.l(fabs.o)
    0x08003d20   0x000000ac   Code   RO         3767    i.get_gimbal_info   get_gimbal_info.o
    0x08003dcc   0x000000c8   Code   RO         3649    i.get_main_ctrl_mode  mode_switch_task.o
    0x08003e94   0x0000000a   Code   RO          474    i.get_moto_offset   can.o
    0x08003e9e   0x00000002   PAD
    0x08003ea0   0x000000dc   Code   RO         3717    i.gimbal_task       gimbal_task.o
    0x08003f7c   0x00000054   Code   RO          475    i.gyro_data_receive  can.o
    0x08003fd0   0x0000000c   Code   RO         3145    i.inHandlerMode     cmsis_os.o
    0x08003fdc   0x0000003c   Code   RO         3718    i.init_mode_handler  gimbal_task.o
    0x08004018   0x0000003e   Code   RO           16    i.main              main.o
    0x08004056   0x0000000c   Code   RO         3147    i.makeFreeRtosPriority  cmsis_os.o
    0x08004062   0x00000002   PAD
    0x08004064   0x00000090   Code   RO         3650    i.mode_switch_task  mode_switch_task.o
    0x080040f4   0x00000018   Code   RO         3719    i.normal_mode_handler  gimbal_task.o
    0x0800410c   0x0000000e   Code   RO         3149    i.osDelay           cmsis_os.o
    0x0800411a   0x00000004   Code   RO         3150    i.osDelayUntil      cmsis_os.o
    0x0800411e   0x0000000a   Code   RO         3152    i.osKernelStart     cmsis_os.o
    0x08004128   0x00000018   Code   RO         3153    i.osKernelSysTick   cmsis_os.o
    0x08004140   0x0000005c   Code   RO         3183    i.osSignalSet       cmsis_os.o
    0x0800419c   0x00000056   Code   RO         3184    i.osSignalWait      cmsis_os.o
    0x080041f2   0x00000014   Code   RO         3185    i.osSystickHandler  cmsis_os.o
    0x08004206   0x0000002e   Code   RO         3186    i.osThreadCreate    cmsis_os.o
    0x08004234   0x00000024   Code   RO         3197    i.osTimerCreate     cmsis_os.o
    0x08004258   0x0000005c   Code   RO         3199    i.osTimerStart      cmsis_os.o
    0x080042b4   0x000000e6   Code   RO          663    i.pid_calc          pid.o
    0x0800439a   0x0000000e   Code   RO          664    i.pid_param_init    pid.o
    0x080043a8   0x00000020   Code   RO          665    i.pid_reset         pid.o
    0x080043c8   0x00000070   Code   RO         2742    i.prvAddCurrentTaskToDelayedList  tasks.o
    0x08004438   0x000000d0   Code   RO         2743    i.prvAddNewTaskToReadyList  tasks.o
    0x08004508   0x00000050   Code   RO         3028    i.prvCheckForValidListAndQueue  timers.o
    0x08004558   0x00000050   Code   RO         2744    i.prvCheckTasksWaitingTermination  tasks.o
    0x080045a8   0x00000026   Code   RO         2596    i.prvCopyDataFromQueue  queue.o
    0x080045ce   0x0000006c   Code   RO         2597    i.prvCopyDataToQueue  queue.o
    0x0800463a   0x00000014   Code   RO         2745    i.prvDeleteTCB      tasks.o
    0x0800464e   0x00000002   PAD
    0x08004650   0x0000004c   Code   RO         3520    i.prvHeapInit       heap_4.o
    0x0800469c   0x00000028   Code   RO         2746    i.prvIdleTask       tasks.o
    0x080046c4   0x0000008e   Code   RO         2747    i.prvInitialiseNewTask  tasks.o
    0x08004752   0x00000002   PAD
    0x08004754   0x0000004c   Code   RO         3521    i.prvInsertBlockIntoFreeList  heap_4.o
    0x080047a0   0x00000038   Code   RO         3029    i.prvInsertTimerInActiveList  timers.o
    0x080047d8   0x0000001c   Code   RO         2598    i.prvIsQueueEmpty   queue.o
    0x080047f4   0x000000b8   Code   RO         3030    i.prvProcessReceivedCommands  timers.o
    0x080048ac   0x000000b4   Code   RO         3031    i.prvProcessTimerOrBlockTask  timers.o
    0x08004960   0x00000020   Code   RO         2748    i.prvResetNextTaskUnblockTime  tasks.o
    0x08004980   0x00000028   Code   RO         3032    i.prvSampleTimeNow  timers.o
    0x080049a8   0x0000006c   Code   RO         3033    i.prvSwitchTimerLists  timers.o
    0x08004a14   0x00000028   Code   RO         3570    i.prvTaskExitError  port.o
    0x08004a3c   0x00000024   Code   RO         3034    i.prvTimerTask      timers.o
    0x08004a60   0x0000006a   Code   RO         2599    i.prvUnlockQueue    queue.o
    0x08004aca   0x00000002   PAD
    0x08004acc   0x000000d8   Code   RO         3522    i.pvPortMalloc      heap_4.o
    0x08004ba4   0x00000018   Code   RO         2750    i.pvTaskIncrementMutexHeldCount  tasks.o
    0x08004bbc   0x0000002c   Code   RO         3571    i.pxPortInitialiseStack  port.o
    0x08004be8   0x00000038   Code   RO          728    i.ramp_calc         ramp.o
    0x08004c20   0x00000008   Code   RO          729    i.ramp_init         ramp.o
    0x08004c28   0x000000c8   Code   RO         3855    i.remote_ctrl_chassis_hook  get_chassis_info.o
    0x08004cf0   0x00000060   Code   RO         3768    i.remote_ctrl_gimbal_hook  get_gimbal_info.o
    0x08004d50   0x00000024   Code   RO         3934    i.remote_ctrl_shoot_hook  get_shoot_info.o
    0x08004d74   0x00000050   Code   RO          476    i.send_chassis_cur  can.o
    0x08004dc4   0x00000014   Code   RO         3856    i.send_chassis_motor_ctrl_message  get_chassis_info.o
    0x08004dd8   0x00000050   Code   RO          477    i.send_gimbal_cur   can.o
    0x08004e28   0x00000012   Code   RO         3769    i.send_gimbal_motor_ctrl_message  get_gimbal_info.o
    0x08004e3a   0x00000002   PAD
    0x08004e3c   0x00000050   Code   RO          478    i.send_shoot_cur    can.o
    0x08004e8c   0x00000010   Code   RO         3935    i.send_shoot_motor_ctrl_message  get_shoot_info.o
    0x08004e9c   0x0000004c   Code   RO         3891    i.shoot_remote_handler  shoot_task.o
    0x08004ee8   0x000000d8   Code   RO         3892    i.shoot_task        shoot_task.o
    0x08004fc0   0x00000024   Code   RO         2559    i.uxListRemove      list.o
    0x08004fe4   0x00000016   Code   RO         2560    i.vListInitialise   list.o
    0x08004ffa   0x00000006   Code   RO         2561    i.vListInitialiseItem  list.o
    0x08005000   0x00000030   Code   RO         2562    i.vListInsert       list.o
    0x08005030   0x00000018   Code   RO         2563    i.vListInsertEnd    list.o
    0x08005048   0x00000040   Code   RO         3573    i.vPortEnterCritical  port.o
    0x08005088   0x00000028   Code   RO         3574    i.vPortExitCritical  port.o
    0x080050b0   0x0000005c   Code   RO         3523    i.vPortFree         heap_4.o
    0x0800510c   0x00000020   Code   RO         3575    i.vPortSetupTimerInterrupt  port.o
    0x0800512c   0x00000054   Code   RO         3576    i.vPortValidateInterruptPriority  port.o
    0x08005180   0x00000028   Code   RO         2603    i.vQueueAddToRegistry  queue.o
    0x080051a8   0x00000044   Code   RO         2606    i.vQueueWaitForMessageRestricted  queue.o
    0x080051ec   0x0000004c   Code   RO         2756    i.vTaskDelay        tasks.o
    0x08005238   0x0000000c   Code   RO         2759    i.vTaskMissedYield  tasks.o
    0x08005244   0x00000030   Code   RO         2761    i.vTaskPlaceOnEventList  tasks.o
    0x08005274   0x00000038   Code   RO         2762    i.vTaskPlaceOnEventListRestricted  tasks.o
    0x080052ac   0x00000084   Code   RO         2764    i.vTaskPriorityInherit  tasks.o
    0x08005330   0x00000024   Code   RO         2767    i.vTaskSetTimeOutState  tasks.o
    0x08005354   0x00000070   Code   RO         2768    i.vTaskStartScheduler  tasks.o
    0x080053c4   0x00000010   Code   RO         2770    i.vTaskSuspendAll   tasks.o
    0x080053d4   0x0000005c   Code   RO         2771    i.vTaskSwitchContext  tasks.o
    0x08005430   0x000000e0   Code   RO         3577    i.xPortStartScheduler  port.o
    0x08005510   0x0000002c   Code   RO         3578    i.xPortSysTickHandler  port.o
    0x0800553c   0x00000048   Code   RO         2608    i.xQueueGenericCreate  queue.o
    0x08005584   0x0000016c   Code   RO         2609    i.xQueueGenericReceive  queue.o
    0x080056f0   0x00000088   Code   RO         2610    i.xQueueGenericReset  queue.o
    0x08005778   0x00000160   Code   RO         2611    i.xQueueGenericSend  queue.o
    0x080058d8   0x000000bc   Code   RO         2612    i.xQueueGenericSendFromISR  queue.o
    0x08005994   0x0000006c   Code   RO         2772    i.xTaskCheckForTimeOut  tasks.o
    0x08005a00   0x00000056   Code   RO         2773    i.xTaskCreate       tasks.o
    0x08005a56   0x00000002   PAD
    0x08005a58   0x000000cc   Code   RO         2774    i.xTaskGenericNotify  tasks.o
    0x08005b24   0x000000f0   Code   RO         2775    i.xTaskGenericNotifyFromISR  tasks.o
    0x08005c14   0x0000001c   Code   RO         2777    i.xTaskGetSchedulerState  tasks.o
    0x08005c30   0x0000000c   Code   RO         2778    i.xTaskGetTickCount  tasks.o
    0x08005c3c   0x00000010   Code   RO         2779    i.xTaskGetTickCountFromISR  tasks.o
    0x08005c4c   0x000000c8   Code   RO         2780    i.xTaskIncrementTick  tasks.o
    0x08005d14   0x0000008c   Code   RO         2782    i.xTaskNotifyWait   tasks.o
    0x08005da0   0x00000098   Code   RO         2783    i.xTaskPriorityDisinherit  tasks.o
    0x08005e38   0x00000074   Code   RO         2784    i.xTaskRemoveFromEventList  tasks.o
    0x08005eac   0x000000c4   Code   RO         2786    i.xTaskResumeAll    tasks.o
    0x08005f70   0x0000004e   Code   RO         3037    i.xTimerCreate      timers.o
    0x08005fbe   0x00000002   PAD
    0x08005fc0   0x0000004c   Code   RO         3038    i.xTimerCreateTimerTask  timers.o
    0x0800600c   0x00000060   Code   RO         3039    i.xTimerGenericCommand  timers.o
    0x0800606c   0x000000e0   Code   RO          480    i.zitai_data_receive2  can.o
    0x0800614c   0x00000084   Data   RO          261    .constdata          freertos.o
    0x080061d0   0x00000008   Data   RO         1855    .constdata          stm32f4xx_hal_dma.o
    0x080061d8   0x00000010   Data   RO         2428    .constdata          system_stm32f4xx.o
    0x080061e8   0x00000008   Data   RO         2429    .constdata          system_stm32f4xx.o
    0x080061f0   0x00000030   Data   RO         4014    .constdata          m_wm.l(cos_i.o)
    0x08006220   0x000000c8   Data   RO         4032    .constdata          m_wm.l(rred.o)
    0x080062e8   0x00000028   Data   RO         4036    .constdata          m_wm.l(sin_i.o)
    0x08006310   0x00000058   Data   RO          262    .conststring        freertos.o
    0x08006368   0x00000020   Data   RO         4091    Region$$Table       anon$$obj.o


    Execution Region RW_IRAM1 (Base: 0x20000000, Size: 0x00004d20, Max: 0x00020000, ABSOLUTE)

    Base Addr    Size         Type   Attr      Idx    E Section Name        Object

    0x20000000   0x00000024   Data   RW          263    .data               freertos.o
    0x20000024   0x00000004   Data   RW          418    .data               stm32f4xx_hal_msp.o
    0x20000028   0x00000008   Data   RW          482    .data               can.o
    0x20000030   0x00000002   Data   RW          584    .data               usart.o
    0x20000032   0x00000002   PAD
    0x20000034   0x0000000c   Data   RW         2280    .data               stm32f4xx_hal.o
    0x20000040   0x00000004   Data   RW         2430    .data               system_stm32f4xx.o
    0x20000044   0x0000003c   Data   RW         2789    .data               tasks.o
    0x20000080   0x00000014   Data   RW         3045    .data               timers.o
    0x20000094   0x00000018   Data   RW         3528    .data               heap_4.o
    0x200000ac   0x0000000c   Data   RW         3579    .data               port.o
    0x200000b8   0x00000010   Data   RW         3651    .data               mode_switch_task.o
    0x200000c8   0x00000004   Data   RW         3721    .data               gimbal_task.o
    0x200000cc   0x00000028   Data   RW         3770    .data               get_gimbal_info.o
    0x200000f4   0x00000004   Data   RW         3819    .data               chassis_task.o
    0x200000f8   0x00000004   Data   RW         4064    .data               mc_w.l(errno.o)
    0x200000fc   0x00000444   Zero   RW          481    .bss                can.o
    0x20000540   0x00000164   Zero   RW          580    .bss                usart.o
    0x200006a4   0x00000060   Zero   RW          581    .bss                usart.o
    0x20000704   0x00000044   Zero   RW          666    .bss                pid.o
    0x20000748   0x00000044   Zero   RW          667    .bss                pid.o
    0x2000078c   0x00000044   Zero   RW          668    .bss                pid.o
    0x200007d0   0x00000044   Zero   RW          669    .bss                pid.o
    0x20000814   0x00000044   Zero   RW          670    .bss                pid.o
    0x20000858   0x00000110   Zero   RW          672    .bss                pid.o
    0x20000968   0x00000088   Zero   RW          674    .bss                pid.o
    0x200009f0   0x00000044   Zero   RW          675    .bss                pid.o
    0x20000a34   0x00000044   Zero   RW          676    .bss                pid.o
    0x20000a78   0x00000040   Zero   RW         2618    .bss                queue.o
    0x20000ab8   0x000000f0   Zero   RW         2788    .bss                tasks.o
    0x20000ba8   0x00000028   Zero   RW         3044    .bss                timers.o
    0x20000bd0   0x00003c00   Zero   RW         3527    .bss                heap_4.o
    0x200047d0   0x00000014   Zero   RW         3687    .bss                common_task.o
    0x200047e4   0x00000068   Zero   RW         3720    .bss                gimbal_task.o
    0x2000484c   0x00000094   Zero   RW         3818    .bss                chassis_task.o
    0x200048e0   0x0000003e   Zero   RW         3893    .bss                shoot_task.o
    0x2000491e   0x00000002   PAD
    0x20004920   0x00000400   Zero   RW            1    STACK               startup_stm32f407xx.o


==============================================================================

Image component sizes


      Code (inc. data)   RO Data    RW Data    ZI Data      Debug   Object Name

      1554        110          0          8       1092      11102   can.o
       796        104          0          4        148       2554   chassis_task.o
       448         16          0          0          0      19933   cmsis_os.o
        72          4          0          0         20       1434   common_task.o
         0          0          0          0          0       9516   event_groups.o
       216          8        220         36          0       5872   freertos.o
       364         58          0          0          0       2124   get_chassis_info.o
       490         72          0         40          0       3250   get_gimbal_info.o
       220         40          0          0          0       1950   get_shoot_info.o
       500         92          0          4        104       4254   gimbal_task.o
       460         24          0         24      15360       4759   heap_4.o
       136          0          0          0          0       3534   list.o
       336         14          0          0          0     707028   main.o
       344         52          0         16          0       2018   mode_switch_task.o
       642         18          0          0        884       5707   pid.o
       758         84          0         12          0      11869   port.o
      1500         20          0          0         64      14097   queue.o
        64          6          0          0          0       1308   ramp.o
       452         80          0          0         62       2735   shoot_task.o
        36          8        392          0       1024        828   startup_stm32f407xx.o
       180         28          0         12          0       4569   stm32f4xx_hal.o
      1660          6          0          0          0      13979   stm32f4xx_hal_can.o
       218         14          0          0          0      31017   stm32f4xx_hal_cortex.o
       912         16          8          0          0       5803   stm32f4xx_hal_dma.o
       432         44          0          0          0       1764   stm32f4xx_hal_gpio.o
       616         62          0          4          0       2855   stm32f4xx_hal_msp.o
      1272         82          0          0          0       5620   stm32f4xx_hal_rcc.o
      1130         22          0          0          0       7476   stm32f4xx_hal_uart.o
        86         30          0          0          0       5543   stm32f4xx_it.o
        84         18         24          4          0       1155   system_stm32f4xx.o
      2736        230          0         60        240      28449   tasks.o
       934         80          0         20         40      19034   timers.o
       604         60          0          2        452       6066   usart.o

    ----------------------------------------------------------------------
     20290       1502        676        248      19492     949202   Object Totals
         0          0         32          0          0          0   (incl. Generated)
        38          0          0          2          2          0   (incl. Padding)

    ----------------------------------------------------------------------

      Code (inc. data)   RO Data    RW Data    ZI Data      Debug   Library Member Name

       200         20          0          0          0        164   cos.o
       368         46         48          0          0        200   cos_i.o
        84         16          0          0          0        372   dunder.o
        24          0          0          0          0        124   fabs.o
        48          0          0          0          0        124   fpclassify.o
       248          0          0          0          0        152   poly.o
      1080        142        200          0          0        188   rred.o
       200         20          0          0          0        164   sin.o
       304         24         40          0          0        208   sin_i.o
         0          0          0          0          0          0   entry.o
         0          0          0          0          0          0   entry10a.o
         0          0          0          0          0          0   entry11a.o
         8          4          0          0          0          0   entry2.o
         4          0          0          0          0          0   entry5.o
         0          0          0          0          0          0   entry7b.o
         0          0          0          0          0          0   entry8b.o
         8          4          0          0          0          0   entry9a.o
        12          6          0          4          0         68   errno.o
        30          0          0          0          0          0   handlers.o
        36          8          0          0          0         68   init.o
         0          0          0          0          0          0   iusefp.o
        30          0          0          0          0         68   llshl.o
        36          0          0          0          0         68   llsshr.o
        32          0          0          0          0         68   llushr.o
        36          0          0          0          0         68   memcpya.o
        36          0          0          0          0        108   memseta.o
        98          0          0          0          0         92   uldiv.o
        56          0          0          0          0         88   d2f.o
       334          0          0          0          0        148   dadd.o
       222          0          0          0          0        100   ddiv.o
       186          0          0          0          0        176   depilogue.o
        62          0          0          0          0         80   dfixi.o
        34          0          0          0          0         76   dflti.o
        26          0          0          0          0         76   dfltui.o
       228          0          0          0          0         96   dmul.o
        38          0          0          0          0         68   f2d.o
       110          0          0          0          0        168   fepilogue.o

    ----------------------------------------------------------------------
      4226        290        288          4          0       3380   Library Totals
         8          0          0          0          0          0   (incl. Padding)

    ----------------------------------------------------------------------

      Code (inc. data)   RO Data    RW Data    ZI Data      Debug   Library Name

      2556        268        288          0          0       1696   m_wm.l
       366         22          0          4          0        608   mc_w.l
      1296          0          0          0          0       1076   mf_w.l

    ----------------------------------------------------------------------
      4226        290        288          4          0       3380   Library Totals

    ----------------------------------------------------------------------

==============================================================================


      Code (inc. data)   RO Data    RW Data    ZI Data      Debug   

     24516       1792        964        252      19492     931706   Grand Totals
     24516       1792        964        252      19492     931706   ELF Image Totals
     24516       1792        964        252          0          0   ROM Totals

==============================================================================

    Total RO  Size (Code + RO Data)                25480 (  24.88kB)
    Total RW  Size (RW Data + ZI Data)             19744 (  19.28kB)
    Total ROM Size (Code + RO Data + RW Data)      25732 (  25.13kB)

==============================================================================

