<html>
<body>
<pre>
<h1>µVision Build Log</h1>
<h2>Tool Versions:</h2>
IDE-Version: ¦ÌVision V5.21.1.0
Copyright (C) 2016 ARM Ltd and ARM Germany GmbH. All rights reserved.
License Information: Du administrator, Du, LIC=S5IGK-ZKDSJ-NRVXL-0R92S-WEZBD-JQHKW
 
Tool Versions:
Toolchain:       MDK-ARM Professional  Version: 5.21a
Toolchain Path:  E:\STM32\ARM\ARMCC\Bin
C Compiler:      Armcc.exe V5.06 update 3 (build 300)
Assembler:       Armasm.exe V5.06 update 3 (build 300)
Linker/Locator:  ArmLink.exe V5.06 update 3 (build 300)
Library Manager: ArmAr.exe V5.06 update 3 (build 300)
Hex Converter:   FromElf.exe V5.06 update 3 (build 300)
CPU DLL:         SARMCM3.DLL V5.21a
Dialog DLL:      DCM.DLL V1.13.8.0
Target DLL:      CMSIS_AGDI.dll V1.26.5.0
Dialog DLL:      TCM.DLL V1.14.14.0
 
<h2>Project:</h2>
E:\dji\²½±ø²¦µ¯\²¦ÅÌ freeRTOS\MDK-ARM\chassis.uvprojx
Project File Date:  12/22/2018

<h2>Output:</h2>
*** Using Compiler 'V5.06 update 3 (build 300)', folder: 'E:\STM32\ARM\ARMCC\Bin'
Build target 'chassis'
compiling gimbal_task.c...
..\Src\gimbal_task.c(15): warning:  #177-D: variable "ppidp" was declared but never referenced
  static  uint16_t ppidp ,ppidi ,ppidd ,spidp ,spidi ,spidd = 0;
..\Src\gimbal_task.c(15): warning:  #177-D: variable "ppidi" was declared but never referenced
  static  uint16_t ppidp ,ppidi ,ppidd ,spidp ,spidi ,spidd = 0;
..\Src\gimbal_task.c(15): warning:  #177-D: variable "ppidd" was declared but never referenced
  static  uint16_t ppidp ,ppidi ,ppidd ,spidp ,spidi ,spidd = 0;
..\Src\gimbal_task.c(15): warning:  #177-D: variable "spidp" was declared but never referenced
  static  uint16_t ppidp ,ppidi ,ppidd ,spidp ,spidi ,spidd = 0;
..\Src\gimbal_task.c(15): warning:  #177-D: variable "spidi" was declared but never referenced
  static  uint16_t ppidp ,ppidi ,ppidd ,spidp ,spidi ,spidd = 0;
..\Src\gimbal_task.c(15): warning:  #177-D: variable "spidd" was declared but never referenced
  static  uint16_t ppidp ,ppidi ,ppidd ,spidp ,spidi ,spidd = 0;
..\Src\gimbal_task.c: 6 warnings, 0 errors
linking...
Program Size: Code=24516 RO-data=964 RW-data=252 ZI-data=19492  
FromELF: creating hex file...
"chassis\chassis.axf" - 0 Error(s), 6 Warning(s).

<h2>Software Packages used:</h2>

Package Vendor: ARM
                http://www.keil.com/pack/ARM.CMSIS.4.5.0.pack
                ARM::CMSIS:CORE:4.3.0
                CMSIS (Cortex Microcontroller Software Interface Standard)
   * Component: CORE Version: 4.3.0

<h2>Collection of Component include folders:</h2>
  E:\dji\²½±ø²¦µ¯\²¦ÅÌ freeRTOS\MDK-ARM\RTE
  E:\STM32\ARM\PACK\ARM\CMSIS\4.5.0\CMSIS\Include
  E:\STM32\ARM\PACK\Keil\STM32F4xx_DFP\2.13.0\Drivers\CMSIS\Device\ST\STM32F4xx\Include

<h2>Collection of Component Files used:</h2>

   * Component: ARM::CMSIS:CORE:4.3.0
Build Time Elapsed:  00:00:03
</pre>
</body>
</html>
